******************************************************************************
                  TI ARM Linker Unix v18.12.2                  
******************************************************************************
>> Linked Wed Nov  6 18:48:50 2019

OUTPUT FILE NAME:   <Project3.out>
ENTRY POINT SYMBOL: "_c_int00_noargs"  address: 0000159d


MEMORY CONFIGURATION

         name            origin    length      used     unused   attr    fill
----------------------  --------  ---------  --------  --------  ----  --------
  MAIN                  00000000   00040000  000016d4  0003e92c  R  X
  INFO                  00200000   00004000  00000000  00004000  R  X
  SRAM_CODE             01000000   00010000  00000284  0000fd7c  RW X
  SRAM_DATA             20000000   00010000  00000284  0000fd7c  RW  


SEGMENT ALLOCATION MAP

run origin  load origin   length   init length attrs members
----------  ----------- ---------- ----------- ----- -------
00000000    00000000    000016d8   000016d8    r-x
  00000000    00000000    000000e4   000000e4    r-- .intvecs
  000000e4    000000e4    000015b0   000015b0    r-x .text
  00001698    00001698    00000040   00000040    r-- .cinit
20000000    20000000    00000084   00000000    rw-
  20000000    20000000    00000048   00000000    rw- .bss
  20000048    20000048    0000003c   00000000    rw- .data
2000fe00    2000fe00    00000200   00000000    rw-
  2000fe00    2000fe00    00000200   00000000    rw- .stack


SECTION ALLOCATION MAP

 output                                  attributes/
section   page    origin      length       input sections
--------  ----  ----------  ----------   ----------------
.intvecs   0    00000000    000000e4     
                  00000000    000000e4     startup_msp432p401r_ccs.obj (.intvecs:retain)

.text      0    000000e4    000015b0     
                  000000e4    000004bc     adc_driver.obj (.text)
                  000005a0    00000334     system_msp432p401r.obj (.text)
                  000008d4    00000264     uart_driver.obj (.text)
                  00000b38    000001b6     rtsv7M4_T_le_v4SPD16_eabi.lib : fd_add_t2.asm.obj (.text)
                  00000cee    00000002                                   : div0.asm.obj (.text)
                  00000cf0    0000019c     spi_driver.obj (.text)
                  00000e8c    00000178     delay.obj (.text)
                  00001004    00000158     rtsv7M4_T_le_v4SPD16_eabi.lib : e_sqrt.c.obj (.text:sqrt)
                  0000115c    000000fc                                   : fd_mul_t2.asm.obj (.text)
                  00001258    0000009c                                   : memcpy_t2.asm.obj (.text)
                  000012f4    00000096                                   : ull_div_t2.asm.obj (.text)
                  0000138a    0000006e                                   : fd_tos_t2.asm.obj (.text)
                  000013f8    00000068                                   : copy_decompress_lzss.c.obj (.text:decompress:lzss:__TI_decompress_lzss)
                  00001460    0000005c     main.obj (.text)
                  000014bc    0000005c     rtsv7M4_T_le_v4SPD16_eabi.lib : fd_toull_t2.asm.obj (.text)
                  00001518    00000044                                   : autoinit.c.obj (.text:__TI_auto_init_nobinit_nopinit:__TI_auto_init_nobinit_nopinit)
                  0000155c    00000040                                   : u_divt2.asm.obj (.text)
                  0000159c    00000034                                   : boot_cortex_m.c.obj (.text:_c_int00_noargs:_c_int00_noargs)
                  000015d0    0000002e                                   : i_tofd_t2.asm.obj (.text)
                  000015fe    0000002c                                   : ull_tofd_t2.asm.obj (.text)
                  0000162a    00000020                                   : u_tofd_t2.asm.obj (.text)
                  0000164a    0000001c                                   : copy_zero_init.c.obj (.text:decompress:ZI:__TI_zero_init_nomemset:__TI_zero_init_nomemset)
                  00001666    0000000e                                   : copy_decompress_none.c.obj (.text:decompress:none:__TI_decompress_none)
                  00001674    0000000e     startup_msp432p401r_ccs.obj (.text)
                  00001682    00000002     --HOLE-- [fill = 0]
                  00001684    00000008     rtsv7M4_T_le_v4SPD16_eabi.lib : errno.c.obj (.text:__aeabi_errno_addr)
                  0000168c    00000004                                   : pre_init.c.obj (.text:_system_pre_init)
                  00001690    00000004                                   : exit.c.obj (.text:abort:abort)

.cinit     0    00001698    00000040     
                  00001698    00000015     (.cinit..data.load) [load image, compression = lzss]
                  000016ad    00000003     --HOLE-- [fill = 0]
                  000016b0    0000000c     (__TI_handler_table)
                  000016bc    00000004     --HOLE-- [fill = 0]
                  000016c0    00000008     (.cinit..bss.load) [load image, compression = zero_init]
                  000016c8    00000010     (__TI_cinit_table)

.init_array 
*          0    00000000    00000000     UNINITIALIZED

.binit     0    00000000    00000000     

.bss       0    20000000    00000048     UNINITIALIZED
                  20000000    00000028     adc_driver.obj (.bss:ac_measurements)
                  20000028    00000014     adc_driver.obj (.bss:dc_measurements)
                  2000003c    00000008     adc_driver.obj (.bss)
                  20000044    00000004     uart_driver.obj (.bss:inValue)

.data      0    20000048    0000003c     UNINITIALIZED
                  20000048    0000002c     adc_driver.obj (.data)
                  20000074    00000008     uart_driver.obj (.data)
                  2000007c    00000004     rtsv7M4_T_le_v4SPD16_eabi.lib : errno.c.obj (.data)
                  20000080    00000004     system_msp432p401r.obj (.data)

.stack     0    2000fe00    00000200     UNINITIALIZED
                  2000fe00    00000004     rtsv7M4_T_le_v4SPD16_eabi.lib : boot_cortex_m.c.obj (.stack)
                  2000fe04    000001fc     --HOLE--

MODULE SUMMARY

       Module                        code   ro data   rw data
       ------                        ----   -------   -------
    ./
       adc_driver.obj                1212   0         224    
       system_msp432p401r.obj        820    0         8      
       uart_driver.obj               612    0         24     
       spi_driver.obj                412    0         0      
       delay.obj                     376    0         0      
       startup_msp432p401r_ccs.obj   14     228       0      
       main.obj                      92     0         0      
    +--+-----------------------------+------+---------+---------+
       Total:                        3538   228       256    
                                                             
    /Applications/ti/ccs910/ccs/tools/compiler/ti-cgt-arm_18.12.2.LTS/lib/rtsv7M4_T_le_v4SPD16_eabi.lib
       fd_add_t2.asm.obj             438    0         0      
       e_sqrt.c.obj                  344    0         0      
       fd_mul_t2.asm.obj             252    0         0      
       memcpy_t2.asm.obj             156    0         0      
       ull_div_t2.asm.obj            150    0         0      
       fd_tos_t2.asm.obj             110    0         0      
       copy_decompress_lzss.c.obj    104    0         0      
       fd_toull_t2.asm.obj           92     0         0      
       autoinit.c.obj                68     0         0      
       u_divt2.asm.obj               64     0         0      
       boot_cortex_m.c.obj           52     0         0      
       i_tofd_t2.asm.obj             46     0         0      
       ull_tofd_t2.asm.obj           44     0         0      
       u_tofd_t2.asm.obj             32     0         0      
       copy_zero_init.c.obj          28     0         0      
       errno.c.obj                   8      0         8      
       copy_decompress_none.c.obj    14     0         0      
       exit.c.obj                    4      0         0      
       pre_init.c.obj                4      0         0      
       div0.asm.obj                  2      0         0      
    +--+-----------------------------+------+---------+---------+
       Total:                        2012   0         8      
                                                             
       Stack:                        0      0         1024   
       Linker Generated:             0      57        0      
    +--+-----------------------------+------+---------+---------+
       Grand Total:                  5550   285       1288   


LINKER GENERATED COPY TABLES

__TI_cinit_table @ 000016c8 records: 2, size/record: 8, table size: 16
	.data: load addr=00001698, load size=00000015 bytes, run addr=20000048, run size=0000003c bytes, compression=lzss
	.bss: load addr=000016c0, load size=00000008 bytes, run addr=20000000, run size=00000048 bytes, compression=zero_init


LINKER GENERATED HANDLER TABLE

__TI_handler_table @ 000016b0 records: 3, size/record: 4, table size: 12
	index: 0, handler: __TI_decompress_lzss
	index: 1, handler: __TI_decompress_none
	index: 2, handler: __TI_zero_init


GLOBAL SYMBOLS: SORTED ALPHABETICALLY BY Name 

address   name                          
-------   ----                          
000001db  ADC14_IRQHandler              
000001db  ADC14_IRQHandler              
00001681  AES256_IRQHandler             
00001681  BusFault_Handler              
00001691  C$$EXIT                       
00001681  COMP_E0_IRQHandler            
00001681  COMP_E1_IRQHandler            
00001681  CS_IRQHandler                 
00000a35  CheckInputFlag                
00001681  DMA_ERR_IRQHandler            
00001681  DMA_INT0_IRQHandler           
00001681  DMA_INT1_IRQHandler           
00001681  DMA_INT2_IRQHandler           
00001681  DMA_INT3_IRQHandler           
00001681  DebugMon_Handler              
00001681  Default_Handler               
000008d5  EUSCIA0_IRQHandler            
000008d5  EUSCIA0_IRQHandler            
00001681  EUSCIA1_IRQHandler            
00001681  EUSCIA2_IRQHandler            
00001681  EUSCIA3_IRQHandler            
00001681  EUSCIB0_IRQHandler            
00001681  EUSCIB1_IRQHandler            
00001681  EUSCIB2_IRQHandler            
00001681  EUSCIB3_IRQHandler            
00001681  FLCTL_IRQHandler              
00001681  FPU_IRQHandler                
00000a3b  GetInputValue                 
00001681  HardFault_Handler             
000000e5  Initialize_ADC                
00000d6f  Initialize_SPI                
00000a8b  Initialize_UART               
00001681  MemManage_Handler             
00001681  NMI_Handler                   
00001681  PCM_IRQHandler                
00001681  PORT1_IRQHandler              
00001681  PORT2_IRQHandler              
00001681  PORT3_IRQHandler              
00001681  PORT4_IRQHandler              
00001681  PORT5_IRQHandler              
00001681  PORT6_IRQHandler              
00001681  PSS_IRQHandler                
00001681  PendSV_Handler                
00001681  RTC_C_IRQHandler              
00000353  Read_AC_PP                    
00000399  Read_AC_RMS                   
0000051d  Read_Center                   
000004a1  Read_DC                       
00000451  Read_Freq                     
000004fd  Read_Measurement_Flag         
00001675  Reset_Handler                 
00001681  SVC_Handler                   
00000cf1  Send_DAC_Voltage              
00001681  SysTick_Handler               
20000080  SystemCoreClock               
000005a1  SystemCoreClockUpdate         
00000819  SystemInit                    
00001681  T32_INT1_IRQHandler           
00001681  T32_INT2_IRQHandler           
00001681  T32_INTC_IRQHandler           
00000233  TA0_0_IRQHandler              
00000233  TA0_0_IRQHandler              
00001681  TA0_N_IRQHandler              
000002af  TA1_0_IRQHandler              
000002af  TA1_0_IRQHandler              
00001681  TA1_N_IRQHandler              
00001681  TA2_0_IRQHandler              
000002ef  TA2_N_IRQHandler              
000002ef  TA2_N_IRQHandler              
00001681  TA3_0_IRQHandler              
00001681  TA3_N_IRQHandler              
00001681  UsageFault_Handler            
4000480c  WDTCTL_SYM                    
00001681  WDT_A_IRQHandler              
20010000  __STACK_END                   
00000200  __STACK_SIZE                  
000016c8  __TI_CINIT_Base               
000016d8  __TI_CINIT_Limit              
000016b0  __TI_Handler_Table_Base       
000016bc  __TI_Handler_Table_Limit      
00001519  __TI_auto_init_nobinit_nopinit
000013f9  __TI_decompress_lzss          
00001667  __TI_decompress_none          
ffffffff  __TI_pprof_out_hndl           
ffffffff  __TI_prof_data_size           
ffffffff  __TI_prof_data_start          
00000000  __TI_static_base__            
0000164b  __TI_zero_init_nomemset       
0000138b  __aeabi_d2f                   
000014bd  __aeabi_d2ulz                 
00000b43  __aeabi_dadd                  
0000115d  __aeabi_dmul                  
00000b39  __aeabi_dsub                  
00001685  __aeabi_errno_addr            
000015d1  __aeabi_i2d                   
00000cef  __aeabi_idiv0                 
00000cef  __aeabi_ldiv0                 
00001259  __aeabi_memcpy                
00001259  __aeabi_memcpy4               
00001259  __aeabi_memcpy8               
0000162b  __aeabi_ui2d                  
0000155d  __aeabi_uidiv                 
0000155d  __aeabi_uidivmod              
000015ff  __aeabi_ul2d                  
000012f5  __aeabi_uldivmod              
ffffffff  __binit__                     
ffffffff  __c_args__                    
UNDEFED   __mpu_init                    
2000fe00  __stack                       
0000159d  _c_int00_noargs               
UNDEFED   _system_post_cinit            
0000168d  _system_pre_init              
00001691  abort                         
ffffffff  binit                         
00000f05  delay_us                      
2000007c  errno                         
00000000  interruptVectors              
00001461  main                          
00001259  memcpy                        
00000e8d  set_DCO                       
00001005  sqrt                          
00001005  sqrtl                         


GLOBAL SYMBOLS: SORTED BY Symbol Address 

address   name                          
-------   ----                          
00000000  __TI_static_base__            
00000000  interruptVectors              
000000e5  Initialize_ADC                
000001db  ADC14_IRQHandler              
000001db  ADC14_IRQHandler              
00000200  __STACK_SIZE                  
00000233  TA0_0_IRQHandler              
00000233  TA0_0_IRQHandler              
000002af  TA1_0_IRQHandler              
000002af  TA1_0_IRQHandler              
000002ef  TA2_N_IRQHandler              
000002ef  TA2_N_IRQHandler              
00000353  Read_AC_PP                    
00000399  Read_AC_RMS                   
00000451  Read_Freq                     
000004a1  Read_DC                       
000004fd  Read_Measurement_Flag         
0000051d  Read_Center                   
000005a1  SystemCoreClockUpdate         
00000819  SystemInit                    
000008d5  EUSCIA0_IRQHandler            
000008d5  EUSCIA0_IRQHandler            
00000a35  CheckInputFlag                
00000a3b  GetInputValue                 
00000a8b  Initialize_UART               
00000b39  __aeabi_dsub                  
00000b43  __aeabi_dadd                  
00000cef  __aeabi_idiv0                 
00000cef  __aeabi_ldiv0                 
00000cf1  Send_DAC_Voltage              
00000d6f  Initialize_SPI                
00000e8d  set_DCO                       
00000f05  delay_us                      
00001005  sqrt                          
00001005  sqrtl                         
0000115d  __aeabi_dmul                  
00001259  __aeabi_memcpy                
00001259  __aeabi_memcpy4               
00001259  __aeabi_memcpy8               
00001259  memcpy                        
000012f5  __aeabi_uldivmod              
0000138b  __aeabi_d2f                   
000013f9  __TI_decompress_lzss          
00001461  main                          
000014bd  __aeabi_d2ulz                 
00001519  __TI_auto_init_nobinit_nopinit
0000155d  __aeabi_uidiv                 
0000155d  __aeabi_uidivmod              
0000159d  _c_int00_noargs               
000015d1  __aeabi_i2d                   
000015ff  __aeabi_ul2d                  
0000162b  __aeabi_ui2d                  
0000164b  __TI_zero_init_nomemset       
00001667  __TI_decompress_none          
00001675  Reset_Handler                 
00001681  AES256_IRQHandler             
00001681  BusFault_Handler              
00001681  COMP_E0_IRQHandler            
00001681  COMP_E1_IRQHandler            
00001681  CS_IRQHandler                 
00001681  DMA_ERR_IRQHandler            
00001681  DMA_INT0_IRQHandler           
00001681  DMA_INT1_IRQHandler           
00001681  DMA_INT2_IRQHandler           
00001681  DMA_INT3_IRQHandler           
00001681  DebugMon_Handler              
00001681  Default_Handler               
00001681  EUSCIA1_IRQHandler            
00001681  EUSCIA2_IRQHandler            
00001681  EUSCIA3_IRQHandler            
00001681  EUSCIB0_IRQHandler            
00001681  EUSCIB1_IRQHandler            
00001681  EUSCIB2_IRQHandler            
00001681  EUSCIB3_IRQHandler            
00001681  FLCTL_IRQHandler              
00001681  FPU_IRQHandler                
00001681  HardFault_Handler             
00001681  MemManage_Handler             
00001681  NMI_Handler                   
00001681  PCM_IRQHandler                
00001681  PORT1_IRQHandler              
00001681  PORT2_IRQHandler              
00001681  PORT3_IRQHandler              
00001681  PORT4_IRQHandler              
00001681  PORT5_IRQHandler              
00001681  PORT6_IRQHandler              
00001681  PSS_IRQHandler                
00001681  PendSV_Handler                
00001681  RTC_C_IRQHandler              
00001681  SVC_Handler                   
00001681  SysTick_Handler               
00001681  T32_INT1_IRQHandler           
00001681  T32_INT2_IRQHandler           
00001681  T32_INTC_IRQHandler           
00001681  TA0_N_IRQHandler              
00001681  TA1_N_IRQHandler              
00001681  TA2_0_IRQHandler              
00001681  TA3_0_IRQHandler              
00001681  TA3_N_IRQHandler              
00001681  UsageFault_Handler            
00001681  WDT_A_IRQHandler              
00001685  __aeabi_errno_addr            
0000168d  _system_pre_init              
00001691  C$$EXIT                       
00001691  abort                         
000016b0  __TI_Handler_Table_Base       
000016bc  __TI_Handler_Table_Limit      
000016c8  __TI_CINIT_Base               
000016d8  __TI_CINIT_Limit              
2000007c  errno                         
20000080  SystemCoreClock               
2000fe00  __stack                       
20010000  __STACK_END                   
4000480c  WDTCTL_SYM                    
ffffffff  __TI_pprof_out_hndl           
ffffffff  __TI_prof_data_size           
ffffffff  __TI_prof_data_start          
ffffffff  __binit__                     
ffffffff  __c_args__                    
ffffffff  binit                         
UNDEFED   __mpu_init                    
UNDEFED   _system_post_cinit            

[122 symbols]
