******************************************************************************
                  TI ARM Linker Unix v18.12.2                  
******************************************************************************
>> Linked Wed Nov  6 15:52:26 2019

OUTPUT FILE NAME:   <Project3.out>
ENTRY POINT SYMBOL: "_c_int00_noargs"  address: 0000151d


MEMORY CONFIGURATION

         name            origin    length      used     unused   attr    fill
----------------------  --------  ---------  --------  --------  ----  --------
  MAIN                  00000000   00040000  0000164c  0003e9b4  R  X
  INFO                  00200000   00004000  00000000  00004000  R  X
  SRAM_CODE             01000000   00010000  00000260  0000fda0  RW X
  SRAM_DATA             20000000   00010000  00000260  0000fda0  RW  


SEGMENT ALLOCATION MAP

run origin  load origin   length   init length attrs members
----------  ----------- ---------- ----------- ----- -------
00000000    00000000    00001650   00001650    r-x
  00000000    00000000    000000e4   000000e4    r-- .intvecs
  000000e4    000000e4    00001530   00001530    r-x .text
  00001618    00001618    00000038   00000038    r-- .cinit
20000000    20000000    00000060   00000000    rw-
  20000000    20000000    00000034   00000000    rw- .bss
  20000034    20000034    0000002c   00000000    rw- .data
2000fe00    2000fe00    00000200   00000000    rw-
  2000fe00    2000fe00    00000200   00000000    rw- .stack


SECTION ALLOCATION MAP

 output                                  attributes/
section   page    origin      length       input sections
--------  ----  ----------  ----------   ----------------
.intvecs   0    00000000    000000e4     
                  00000000    000000e4     startup_msp432p401r_ccs.obj (.intvecs:retain)

.text      0    000000e4    00001530     
                  000000e4    0000043c     adc_driver.obj (.text)
                  00000520    00000334     system_msp432p401r.obj (.text)
                  00000854    00000264     uart_driver.obj (.text)
                  00000ab8    000001b6     rtsv7M4_T_le_v4SPD16_eabi.lib : fd_add_t2.asm.obj (.text)
                  00000c6e    00000002                                   : div0.asm.obj (.text)
                  00000c70    0000019c     spi_driver.obj (.text)
                  00000e0c    00000178     delay.obj (.text)
                  00000f84    00000158     rtsv7M4_T_le_v4SPD16_eabi.lib : e_sqrt.c.obj (.text:sqrt)
                  000010dc    000000fc                                   : fd_mul_t2.asm.obj (.text)
                  000011d8    0000009c                                   : memcpy_t2.asm.obj (.text)
                  00001274    00000096                                   : ull_div_t2.asm.obj (.text)
                  0000130a    0000006e                                   : fd_tos_t2.asm.obj (.text)
                  00001378    00000068                                   : copy_decompress_lzss.c.obj (.text:decompress:lzss:__TI_decompress_lzss)
                  000013e0    0000005c     main.obj (.text)
                  0000143c    0000005c     rtsv7M4_T_le_v4SPD16_eabi.lib : fd_toull_t2.asm.obj (.text)
                  00001498    00000044                                   : autoinit.c.obj (.text:__TI_auto_init_nobinit_nopinit:__TI_auto_init_nobinit_nopinit)
                  000014dc    00000040                                   : u_divt2.asm.obj (.text)
                  0000151c    00000034                                   : boot_cortex_m.c.obj (.text:_c_int00_noargs:_c_int00_noargs)
                  00001550    0000002e                                   : i_tofd_t2.asm.obj (.text)
                  0000157e    0000002c                                   : ull_tofd_t2.asm.obj (.text)
                  000015aa    00000020                                   : u_tofd_t2.asm.obj (.text)
                  000015ca    0000001c                                   : copy_zero_init.c.obj (.text:decompress:ZI:__TI_zero_init_nomemset:__TI_zero_init_nomemset)
                  000015e6    0000000e                                   : copy_decompress_none.c.obj (.text:decompress:none:__TI_decompress_none)
                  000015f4    0000000e     startup_msp432p401r_ccs.obj (.text)
                  00001602    00000002     --HOLE-- [fill = 0]
                  00001604    00000008     rtsv7M4_T_le_v4SPD16_eabi.lib : errno.c.obj (.text:__aeabi_errno_addr)
                  0000160c    00000004                                   : pre_init.c.obj (.text:_system_pre_init)
                  00001610    00000004                                   : exit.c.obj (.text:abort:abort)

.cinit     0    00001618    00000038     
                  00001618    00000013     (.cinit..data.load) [load image, compression = lzss]
                  0000162b    00000001     --HOLE-- [fill = 0]
                  0000162c    0000000c     (__TI_handler_table)
                  00001638    00000008     (.cinit..bss.load) [load image, compression = zero_init]
                  00001640    00000010     (__TI_cinit_table)

.init_array 
*          0    00000000    00000000     UNINITIALIZED

.binit     0    00000000    00000000     

.bss       0    20000000    00000034     UNINITIALIZED
                  20000000    00000014     adc_driver.obj (.bss:ac_measurements)
                  20000014    00000014     adc_driver.obj (.bss:dc_measurements)
                  20000028    00000008     adc_driver.obj (.bss)
                  20000030    00000004     uart_driver.obj (.bss:inValue)

.data      0    20000034    0000002c     UNINITIALIZED
                  20000034    0000001c     adc_driver.obj (.data)
                  20000050    00000008     uart_driver.obj (.data)
                  20000058    00000004     rtsv7M4_T_le_v4SPD16_eabi.lib : errno.c.obj (.data)
                  2000005c    00000004     system_msp432p401r.obj (.data)

.stack     0    2000fe00    00000200     UNINITIALIZED
                  2000fe00    00000004     rtsv7M4_T_le_v4SPD16_eabi.lib : boot_cortex_m.c.obj (.stack)
                  2000fe04    000001fc     --HOLE--

MODULE SUMMARY

       Module                        code   ro data   rw data
       ------                        ----   -------   -------
    ./
       adc_driver.obj                1084   0         152    
       system_msp432p401r.obj        820    0         8      
       uart_driver.obj               612    0         24     
       spi_driver.obj                412    0         0      
       delay.obj                     376    0         0      
       startup_msp432p401r_ccs.obj   14     228       0      
       main.obj                      92     0         0      
    +--+-----------------------------+------+---------+---------+
       Total:                        3410   228       184    
                                                             
    /Applications/ti/ccs910/ccs/tools/compiler/ti-cgt-arm_18.12.2.LTS/lib/rtsv7M4_T_le_v4SPD16_eabi.lib
       fd_add_t2.asm.obj             438    0         0      
       e_sqrt.c.obj                  344    0         0      
       fd_mul_t2.asm.obj             252    0         0      
       memcpy_t2.asm.obj             156    0         0      
       ull_div_t2.asm.obj            150    0         0      
       fd_tos_t2.asm.obj             110    0         0      
       copy_decompress_lzss.c.obj    104    0         0      
       fd_toull_t2.asm.obj           92     0         0      
       autoinit.c.obj                68     0         0      
       u_divt2.asm.obj               64     0         0      
       boot_cortex_m.c.obj           52     0         0      
       i_tofd_t2.asm.obj             46     0         0      
       ull_tofd_t2.asm.obj           44     0         0      
       u_tofd_t2.asm.obj             32     0         0      
       copy_zero_init.c.obj          28     0         0      
       errno.c.obj                   8      0         8      
       copy_decompress_none.c.obj    14     0         0      
       exit.c.obj                    4      0         0      
       pre_init.c.obj                4      0         0      
       div0.asm.obj                  2      0         0      
    +--+-----------------------------+------+---------+---------+
       Total:                        2012   0         8      
                                                             
       Stack:                        0      0         1024   
       Linker Generated:             0      55        0      
    +--+-----------------------------+------+---------+---------+
       Grand Total:                  5422   283       1216   


LINKER GENERATED COPY TABLES

__TI_cinit_table @ 00001640 records: 2, size/record: 8, table size: 16
	.data: load addr=00001618, load size=00000013 bytes, run addr=20000034, run size=0000002c bytes, compression=lzss
	.bss: load addr=00001638, load size=00000008 bytes, run addr=20000000, run size=00000034 bytes, compression=zero_init


LINKER GENERATED HANDLER TABLE

__TI_handler_table @ 0000162c records: 3, size/record: 4, table size: 12
	index: 0, handler: __TI_decompress_lzss
	index: 1, handler: __TI_decompress_none
	index: 2, handler: __TI_zero_init


GLOBAL SYMBOLS: SORTED ALPHABETICALLY BY Name 

address   name                          
-------   ----                          
000001cb  ADC14_IRQHandler              
000001cb  ADC14_IRQHandler              
00001601  AES256_IRQHandler             
00001601  BusFault_Handler              
00001611  C$$EXIT                       
00001601  COMP_E0_IRQHandler            
00001601  COMP_E1_IRQHandler            
00001601  CS_IRQHandler                 
000009b5  CheckInputFlag                
00001601  DMA_ERR_IRQHandler            
00001601  DMA_INT0_IRQHandler           
00001601  DMA_INT1_IRQHandler           
00001601  DMA_INT2_IRQHandler           
00001601  DMA_INT3_IRQHandler           
00001601  DebugMon_Handler              
00001601  Default_Handler               
00000855  EUSCIA0_IRQHandler            
00000855  EUSCIA0_IRQHandler            
00001601  EUSCIA1_IRQHandler            
00001601  EUSCIA2_IRQHandler            
00001601  EUSCIA3_IRQHandler            
00001601  EUSCIB0_IRQHandler            
00001601  EUSCIB1_IRQHandler            
00001601  EUSCIB2_IRQHandler            
00001601  EUSCIB3_IRQHandler            
00001601  FLCTL_IRQHandler              
00001601  FPU_IRQHandler                
000009bb  GetInputValue                 
00001601  HardFault_Handler             
000000e5  Initialize_ADC                
00000cef  Initialize_SPI                
00000a0b  Initialize_UART               
00001601  MemManage_Handler             
00001601  NMI_Handler                   
00001601  PCM_IRQHandler                
00001601  PORT1_IRQHandler              
00001601  PORT2_IRQHandler              
00001601  PORT3_IRQHandler              
00001601  PORT4_IRQHandler              
00001601  PORT5_IRQHandler              
00001601  PORT6_IRQHandler              
00001601  PSS_IRQHandler                
00001601  PendSV_Handler                
00001601  RTC_C_IRQHandler              
000002f3  Read_AC_PP                    
00000329  Read_AC_RMS                   
00000491  Read_Center                   
000003f9  Read_DC                       
000003cf  Read_Freq                     
00000465  Read_Measurement_Flag         
000015f5  Reset_Handler                 
00001601  SVC_Handler                   
00000c71  Send_DAC_Voltage              
00001601  SysTick_Handler               
2000005c  SystemCoreClock               
00000521  SystemCoreClockUpdate         
00000799  SystemInit                    
00001601  T32_INT1_IRQHandler           
00001601  T32_INT2_IRQHandler           
00001601  T32_INTC_IRQHandler           
00000223  TA0_0_IRQHandler              
00000223  TA0_0_IRQHandler              
00001601  TA0_N_IRQHandler              
00000279  TA1_0_IRQHandler              
00000279  TA1_0_IRQHandler              
00001601  TA1_N_IRQHandler              
00001601  TA2_0_IRQHandler              
0000029f  TA2_N_IRQHandler              
0000029f  TA2_N_IRQHandler              
00001601  TA3_0_IRQHandler              
00001601  TA3_N_IRQHandler              
00001601  UsageFault_Handler            
4000480c  WDTCTL_SYM                    
00001601  WDT_A_IRQHandler              
20010000  __STACK_END                   
00000200  __STACK_SIZE                  
00001640  __TI_CINIT_Base               
00001650  __TI_CINIT_Limit              
0000162c  __TI_Handler_Table_Base       
00001638  __TI_Handler_Table_Limit      
00001499  __TI_auto_init_nobinit_nopinit
00001379  __TI_decompress_lzss          
000015e7  __TI_decompress_none          
ffffffff  __TI_pprof_out_hndl           
ffffffff  __TI_prof_data_size           
ffffffff  __TI_prof_data_start          
00000000  __TI_static_base__            
000015cb  __TI_zero_init_nomemset       
0000130b  __aeabi_d2f                   
0000143d  __aeabi_d2ulz                 
00000ac3  __aeabi_dadd                  
000010dd  __aeabi_dmul                  
00000ab9  __aeabi_dsub                  
00001605  __aeabi_errno_addr            
00001551  __aeabi_i2d                   
00000c6f  __aeabi_idiv0                 
00000c6f  __aeabi_ldiv0                 
000011d9  __aeabi_memcpy                
000011d9  __aeabi_memcpy4               
000011d9  __aeabi_memcpy8               
000015ab  __aeabi_ui2d                  
000014dd  __aeabi_uidiv                 
000014dd  __aeabi_uidivmod              
0000157f  __aeabi_ul2d                  
00001275  __aeabi_uldivmod              
ffffffff  __binit__                     
ffffffff  __c_args__                    
UNDEFED   __mpu_init                    
2000fe00  __stack                       
0000151d  _c_int00_noargs               
UNDEFED   _system_post_cinit            
0000160d  _system_pre_init              
00001611  abort                         
ffffffff  binit                         
00000e85  delay_us                      
20000058  errno                         
00000000  interruptVectors              
000013e1  main                          
000011d9  memcpy                        
00000e0d  set_DCO                       
00000f85  sqrt                          
00000f85  sqrtl                         


GLOBAL SYMBOLS: SORTED BY Symbol Address 

address   name                          
-------   ----                          
00000000  __TI_static_base__            
00000000  interruptVectors              
000000e5  Initialize_ADC                
000001cb  ADC14_IRQHandler              
000001cb  ADC14_IRQHandler              
00000200  __STACK_SIZE                  
00000223  TA0_0_IRQHandler              
00000223  TA0_0_IRQHandler              
00000279  TA1_0_IRQHandler              
00000279  TA1_0_IRQHandler              
0000029f  TA2_N_IRQHandler              
0000029f  TA2_N_IRQHandler              
000002f3  Read_AC_PP                    
00000329  Read_AC_RMS                   
000003cf  Read_Freq                     
000003f9  Read_DC                       
00000465  Read_Measurement_Flag         
00000491  Read_Center                   
00000521  SystemCoreClockUpdate         
00000799  SystemInit                    
00000855  EUSCIA0_IRQHandler            
00000855  EUSCIA0_IRQHandler            
000009b5  CheckInputFlag                
000009bb  GetInputValue                 
00000a0b  Initialize_UART               
00000ab9  __aeabi_dsub                  
00000ac3  __aeabi_dadd                  
00000c6f  __aeabi_idiv0                 
00000c6f  __aeabi_ldiv0                 
00000c71  Send_DAC_Voltage              
00000cef  Initialize_SPI                
00000e0d  set_DCO                       
00000e85  delay_us                      
00000f85  sqrt                          
00000f85  sqrtl                         
000010dd  __aeabi_dmul                  
000011d9  __aeabi_memcpy                
000011d9  __aeabi_memcpy4               
000011d9  __aeabi_memcpy8               
000011d9  memcpy                        
00001275  __aeabi_uldivmod              
0000130b  __aeabi_d2f                   
00001379  __TI_decompress_lzss          
000013e1  main                          
0000143d  __aeabi_d2ulz                 
00001499  __TI_auto_init_nobinit_nopinit
000014dd  __aeabi_uidiv                 
000014dd  __aeabi_uidivmod              
0000151d  _c_int00_noargs               
00001551  __aeabi_i2d                   
0000157f  __aeabi_ul2d                  
000015ab  __aeabi_ui2d                  
000015cb  __TI_zero_init_nomemset       
000015e7  __TI_decompress_none          
000015f5  Reset_Handler                 
00001601  AES256_IRQHandler             
00001601  BusFault_Handler              
00001601  COMP_E0_IRQHandler            
00001601  COMP_E1_IRQHandler            
00001601  CS_IRQHandler                 
00001601  DMA_ERR_IRQHandler            
00001601  DMA_INT0_IRQHandler           
00001601  DMA_INT1_IRQHandler           
00001601  DMA_INT2_IRQHandler           
00001601  DMA_INT3_IRQHandler           
00001601  DebugMon_Handler              
00001601  Default_Handler               
00001601  EUSCIA1_IRQHandler            
00001601  EUSCIA2_IRQHandler            
00001601  EUSCIA3_IRQHandler            
00001601  EUSCIB0_IRQHandler            
00001601  EUSCIB1_IRQHandler            
00001601  EUSCIB2_IRQHandler            
00001601  EUSCIB3_IRQHandler            
00001601  FLCTL_IRQHandler              
00001601  FPU_IRQHandler                
00001601  HardFault_Handler             
00001601  MemManage_Handler             
00001601  NMI_Handler                   
00001601  PCM_IRQHandler                
00001601  PORT1_IRQHandler              
00001601  PORT2_IRQHandler              
00001601  PORT3_IRQHandler              
00001601  PORT4_IRQHandler              
00001601  PORT5_IRQHandler              
00001601  PORT6_IRQHandler              
00001601  PSS_IRQHandler                
00001601  PendSV_Handler                
00001601  RTC_C_IRQHandler              
00001601  SVC_Handler                   
00001601  SysTick_Handler               
00001601  T32_INT1_IRQHandler           
00001601  T32_INT2_IRQHandler           
00001601  T32_INTC_IRQHandler           
00001601  TA0_N_IRQHandler              
00001601  TA1_N_IRQHandler              
00001601  TA2_0_IRQHandler              
00001601  TA3_0_IRQHandler              
00001601  TA3_N_IRQHandler              
00001601  UsageFault_Handler            
00001601  WDT_A_IRQHandler              
00001605  __aeabi_errno_addr            
0000160d  _system_pre_init              
00001611  C$$EXIT                       
00001611  abort                         
0000162c  __TI_Handler_Table_Base       
00001638  __TI_Handler_Table_Limit      
00001640  __TI_CINIT_Base               
00001650  __TI_CINIT_Limit              
20000058  errno                         
2000005c  SystemCoreClock               
2000fe00  __stack                       
20010000  __STACK_END                   
4000480c  WDTCTL_SYM                    
ffffffff  __TI_pprof_out_hndl           
ffffffff  __TI_prof_data_size           
ffffffff  __TI_prof_data_start          
ffffffff  __binit__                     
ffffffff  __c_args__                    
ffffffff  binit                         
UNDEFED   __mpu_init                    
UNDEFED   _system_post_cinit            

[122 symbols]
