******************************************************************************
                  TI ARM Linker PC v18.12.2                    
******************************************************************************
>> Linked Wed Nov  6 20:17:02 2019

OUTPUT FILE NAME:   <Project3.out>
ENTRY POINT SYMBOL: "_c_int00_noargs"  address: 00002981


MEMORY CONFIGURATION

         name            origin    length      used     unused   attr    fill
----------------------  --------  ---------  --------  --------  ----  --------
  MAIN                  00000000   00040000  00002ab8  0003d548  R  X
  INFO                  00200000   00004000  00000000  00004000  R  X
  SRAM_CODE             01000000   00010000  00000278  0000fd88  RW X
  SRAM_DATA             20000000   00010000  00000278  0000fd88  RW  


SEGMENT ALLOCATION MAP

run origin  load origin   length   init length attrs members
----------  ----------- ---------- ----------- ----- -------
00000000    00000000    00002ab8   00002ab8    r-x
  00000000    00000000    000000e4   000000e4    r-- .intvecs
  000000e4    000000e4    00002994   00002994    r-x .text
  00002a78    00002a78    00000040   00000040    r-- .cinit
20000000    20000000    00000078   00000000    rw-
  20000000    20000000    00000044   00000000    rw- .bss
  20000044    20000044    00000034   00000000    rw- .data
2000fe00    2000fe00    00000200   00000000    rw-
  2000fe00    2000fe00    00000200   00000000    rw- .stack


SECTION ALLOCATION MAP

 output                                  attributes/
section   page    origin      length       input sections
--------  ----  ----------  ----------   ----------------
.intvecs   0    00000000    000000e4     
                  00000000    000000e4     startup_msp432p401r_ccs.obj (.intvecs:retain)

.text      0    000000e4    00002994     
                  000000e4    00001478     uart_driver.obj (.text)
                  0000155c    000004bc     adc_driver.obj (.text)
                  00001a18    00000334     system_msp432p401r.obj (.text)
                  00001d4c    000001b6     rtsv7M4_T_le_v4SPD16_eabi.lib : fd_add_t2.asm.obj (.text)
                  00001f02    00000002                                   : div0.asm.obj (.text)
                  00001f04    0000019c     spi_driver.obj (.text)
                  000020a0    00000174     delay.obj (.text)
                  00002214    00000158     rtsv7M4_T_le_v4SPD16_eabi.lib : e_sqrt.c.obj (.text:sqrt)
                  0000236c    00000136                                   : fd_div_t2.asm.obj (.text)
                  000024a2    000000fc                                   : fd_mul_t2.asm.obj (.text)
                  0000259e    0000009c                                   : memcpy_t2.asm.obj (.text)
                  0000263a    00000096                                   : ull_div_t2.asm.obj (.text)
                  000026d0    00000086                                   : fd_cmp_t2.asm.obj (.text:__aeabi_cdcmple)
                  00002756    0000006e                                   : fd_tos_t2.asm.obj (.text)
                  000027c4    00000068                                   : copy_decompress_lzss.c.obj (.text:decompress:lzss:__TI_decompress_lzss)
                  0000282c    0000005c                                   : fd_toull_t2.asm.obj (.text)
                  00002888    00000044                                   : autoinit.c.obj (.text:__TI_auto_init_nobinit_nopinit:__TI_auto_init_nobinit_nopinit)
                  000028cc    00000040                                   : u_divt2.asm.obj (.text)
                  0000290c    0000003c     main.obj (.text)
                  00002948    00000038     rtsv7M4_T_le_v4SPD16_eabi.lib : fs_tod_t2.asm.obj (.text)
                  00002980    00000034                                   : boot_cortex_m.c.obj (.text:_c_int00_noargs:_c_int00_noargs)
                  000029b4    0000002e                                   : i_tofd_t2.asm.obj (.text)
                  000029e2    0000002c                                   : ull_tofd_t2.asm.obj (.text)
                  00002a0e    00000020                                   : u_tofd_t2.asm.obj (.text)
                  00002a2e    0000001c                                   : copy_zero_init.c.obj (.text:decompress:ZI:__TI_zero_init_nomemset:__TI_zero_init_nomemset)
                  00002a4a    0000000e                                   : copy_decompress_none.c.obj (.text:decompress:none:__TI_decompress_none)
                  00002a58    0000000e     startup_msp432p401r_ccs.obj (.text)
                  00002a66    00000002     --HOLE-- [fill = 0]
                  00002a68    00000008     rtsv7M4_T_le_v4SPD16_eabi.lib : errno.c.obj (.text:__aeabi_errno_addr)
                  00002a70    00000004                                   : pre_init.c.obj (.text:_system_pre_init)
                  00002a74    00000004                                   : exit.c.obj (.text:abort:abort)

.cinit     0    00002a78    00000040     
                  00002a78    00000015     (.cinit..data.load) [load image, compression = lzss]
                  00002a8d    00000003     --HOLE-- [fill = 0]
                  00002a90    0000000c     (__TI_handler_table)
                  00002a9c    00000004     --HOLE-- [fill = 0]
                  00002aa0    00000008     (.cinit..bss.load) [load image, compression = zero_init]
                  00002aa8    00000010     (__TI_cinit_table)

.init_array 
*          0    00000000    00000000     UNINITIALIZED

.binit     0    00000000    00000000     

.bss       0    20000000    00000044     UNINITIALIZED
                  20000000    00000028     adc_driver.obj (.bss:ac_measurements)
                  20000028    00000014     adc_driver.obj (.bss:dc_measurements)
                  2000003c    00000008     adc_driver.obj (.bss)

.data      0    20000044    00000034     UNINITIALIZED
                  20000044    0000002c     adc_driver.obj (.data)
                  20000070    00000004     rtsv7M4_T_le_v4SPD16_eabi.lib : errno.c.obj (.data)
                  20000074    00000004     system_msp432p401r.obj (.data)

.stack     0    2000fe00    00000200     UNINITIALIZED
                  2000fe00    00000004     rtsv7M4_T_le_v4SPD16_eabi.lib : boot_cortex_m.c.obj (.stack)
                  2000fe04    000001fc     --HOLE--

MODULE SUMMARY

       Module                        code    ro data   rw data
       ------                        ----    -------   -------
    .\
       uart_driver.obj               5240    0         0      
       adc_driver.obj                1212    0         224    
       system_msp432p401r.obj        820     0         8      
       spi_driver.obj                412     0         0      
       delay.obj                     372     0         0      
       startup_msp432p401r_ccs.obj   14      228       0      
       main.obj                      60      0         0      
    +--+-----------------------------+-------+---------+---------+
       Total:                        8130    228       232    
                                                              
    C:\ti\ccs910\ccs\tools\compiler\ti-cgt-arm_18.12.2.LTS\lib\rtsv7M4_T_le_v4SPD16_eabi.lib
       fd_add_t2.asm.obj             438     0         0      
       e_sqrt.c.obj                  344     0         0      
       fd_div_t2.asm.obj             310     0         0      
       fd_mul_t2.asm.obj             252     0         0      
       memcpy_t2.asm.obj             156     0         0      
       ull_div_t2.asm.obj            150     0         0      
       fd_cmp_t2.asm.obj             134     0         0      
       fd_tos_t2.asm.obj             110     0         0      
       copy_decompress_lzss.c.obj    104     0         0      
       fd_toull_t2.asm.obj           92      0         0      
       autoinit.c.obj                68      0         0      
       u_divt2.asm.obj               64      0         0      
       fs_tod_t2.asm.obj             56      0         0      
       boot_cortex_m.c.obj           52      0         0      
       i_tofd_t2.asm.obj             46      0         0      
       ull_tofd_t2.asm.obj           44      0         0      
       u_tofd_t2.asm.obj             32      0         0      
       copy_zero_init.c.obj          28      0         0      
       errno.c.obj                   8       0         8      
       copy_decompress_none.c.obj    14      0         0      
       exit.c.obj                    4       0         0      
       pre_init.c.obj                4       0         0      
       div0.asm.obj                  2       0         0      
    +--+-----------------------------+-------+---------+---------+
       Total:                        2512    0         8      
                                                              
       Stack:                        0       0         1024   
       Linker Generated:             0       57        0      
    +--+-----------------------------+-------+---------+---------+
       Grand Total:                  10642   285       1264   


LINKER GENERATED COPY TABLES

__TI_cinit_table @ 00002aa8 records: 2, size/record: 8, table size: 16
	.data: load addr=00002a78, load size=00000015 bytes, run addr=20000044, run size=00000034 bytes, compression=lzss
	.bss: load addr=00002aa0, load size=00000008 bytes, run addr=20000000, run size=00000044 bytes, compression=zero_init


LINKER GENERATED HANDLER TABLE

__TI_handler_table @ 00002a90 records: 3, size/record: 4, table size: 12
	index: 0, handler: __TI_decompress_lzss
	index: 1, handler: __TI_decompress_none
	index: 2, handler: __TI_zero_init


GLOBAL SYMBOLS: SORTED ALPHABETICALLY BY Name 

address   name                          
-------   ----                          
00001653  ADC14_IRQHandler              
00001653  ADC14_IRQHandler              
00002a65  AES256_IRQHandler             
00002a65  BusFault_Handler              
00002a75  C$$EXIT                       
00002a65  COMP_E0_IRQHandler            
00002a65  COMP_E1_IRQHandler            
00002a65  CS_IRQHandler                 
00002a65  DMA_ERR_IRQHandler            
00002a65  DMA_INT0_IRQHandler           
00002a65  DMA_INT1_IRQHandler           
00002a65  DMA_INT2_IRQHandler           
00002a65  DMA_INT3_IRQHandler           
00002a65  DebugMon_Handler              
00002a65  Default_Handler               
00002a65  EUSCIA0_IRQHandler            
00002a65  EUSCIA1_IRQHandler            
00002a65  EUSCIA2_IRQHandler            
00002a65  EUSCIA3_IRQHandler            
00002a65  EUSCIB0_IRQHandler            
00002a65  EUSCIB1_IRQHandler            
00002a65  EUSCIB2_IRQHandler            
00002a65  EUSCIB3_IRQHandler            
00002a65  FLCTL_IRQHandler              
00002a65  FPU_IRQHandler                
00002a65  HardFault_Handler             
00000afd  Init_Desc_Values_To_VT100     
0000155d  Initialize_ADC                
00001f83  Initialize_SPI                
000000e5  Initialize_UART               
00002a65  MemManage_Handler             
00002a65  NMI_Handler                   
00002a65  PCM_IRQHandler                
00002a65  PORT1_IRQHandler              
00002a65  PORT2_IRQHandler              
00002a65  PORT3_IRQHandler              
00002a65  PORT4_IRQHandler              
00002a65  PORT5_IRQHandler              
00002a65  PORT6_IRQHandler              
00002a65  PSS_IRQHandler                
00002a65  PendSV_Handler                
00002a65  RTC_C_IRQHandler              
000017cb  Read_AC_PP                    
00001811  Read_AC_RMS                   
00001995  Read_Center                   
00001919  Read_DC                       
000018c9  Read_Freq                     
00001975  Read_Measurement_Flag         
00002a59  Reset_Handler                 
00002a65  SVC_Handler                   
00001f05  Send_DAC_Voltage              
00002a65  SysTick_Handler               
20000074  SystemCoreClock               
00001a19  SystemCoreClockUpdate         
00001c91  SystemInit                    
00002a65  T32_INT1_IRQHandler           
00002a65  T32_INT2_IRQHandler           
00002a65  T32_INTC_IRQHandler           
000016ab  TA0_0_IRQHandler              
000016ab  TA0_0_IRQHandler              
00002a65  TA0_N_IRQHandler              
00001727  TA1_0_IRQHandler              
00001727  TA1_0_IRQHandler              
00002a65  TA1_N_IRQHandler              
00002a65  TA2_0_IRQHandler              
00001767  TA2_N_IRQHandler              
00001767  TA2_N_IRQHandler              
00002a65  TA3_0_IRQHandler              
00002a65  TA3_N_IRQHandler              
00002a65  UsageFault_Handler            
4000480c  WDTCTL_SYM                    
00002a65  WDT_A_IRQHandler              
00000169  Write_Desc_Values_To_VT100    
20010000  __STACK_END                   
00000200  __STACK_SIZE                  
00002aa8  __TI_CINIT_Base               
00002ab8  __TI_CINIT_Limit              
00002a90  __TI_Handler_Table_Base       
00002a9c  __TI_Handler_Table_Limit      
00002889  __TI_auto_init_nobinit_nopinit
000027c5  __TI_decompress_lzss          
00002a4b  __TI_decompress_none          
ffffffff  __TI_pprof_out_hndl           
ffffffff  __TI_prof_data_size           
ffffffff  __TI_prof_data_start          
00000000  __TI_static_base__            
00002a2f  __TI_zero_init_nomemset       
000026d1  __aeabi_cdcmpeq               
000026d1  __aeabi_cdcmple               
00002757  __aeabi_d2f                   
0000282d  __aeabi_d2ulz                 
00001d57  __aeabi_dadd                  
0000236d  __aeabi_ddiv                  
000024a3  __aeabi_dmul                  
00001d4d  __aeabi_dsub                  
00002a69  __aeabi_errno_addr            
00002949  __aeabi_f2d                   
000029b5  __aeabi_i2d                   
00001f03  __aeabi_idiv0                 
00001f03  __aeabi_ldiv0                 
0000259f  __aeabi_memcpy                
0000259f  __aeabi_memcpy4               
0000259f  __aeabi_memcpy8               
00002a0f  __aeabi_ui2d                  
000028cd  __aeabi_uidiv                 
000028cd  __aeabi_uidivmod              
000029e3  __aeabi_ul2d                  
0000263b  __aeabi_uldivmod              
ffffffff  __binit__                     
ffffffff  __c_args__                    
UNDEFED   __mpu_init                    
2000fe00  __stack                       
00002981  _c_int00_noargs               
UNDEFED   _system_post_cinit            
00002a71  _system_pre_init              
00002a75  abort                         
ffffffff  binit                         
00002119  delay_us                      
20000070  errno                         
00000000  interruptVectors              
0000290d  main                          
0000259f  memcpy                        
000020a1  set_DCO                       
00002215  sqrt                          
00002215  sqrtl                         


GLOBAL SYMBOLS: SORTED BY Symbol Address 

address   name                          
-------   ----                          
00000000  __TI_static_base__            
00000000  interruptVectors              
000000e5  Initialize_UART               
00000169  Write_Desc_Values_To_VT100    
00000200  __STACK_SIZE                  
00000afd  Init_Desc_Values_To_VT100     
0000155d  Initialize_ADC                
00001653  ADC14_IRQHandler              
00001653  ADC14_IRQHandler              
000016ab  TA0_0_IRQHandler              
000016ab  TA0_0_IRQHandler              
00001727  TA1_0_IRQHandler              
00001727  TA1_0_IRQHandler              
00001767  TA2_N_IRQHandler              
00001767  TA2_N_IRQHandler              
000017cb  Read_AC_PP                    
00001811  Read_AC_RMS                   
000018c9  Read_Freq                     
00001919  Read_DC                       
00001975  Read_Measurement_Flag         
00001995  Read_Center                   
00001a19  SystemCoreClockUpdate         
00001c91  SystemInit                    
00001d4d  __aeabi_dsub                  
00001d57  __aeabi_dadd                  
00001f03  __aeabi_idiv0                 
00001f03  __aeabi_ldiv0                 
00001f05  Send_DAC_Voltage              
00001f83  Initialize_SPI                
000020a1  set_DCO                       
00002119  delay_us                      
00002215  sqrt                          
00002215  sqrtl                         
0000236d  __aeabi_ddiv                  
000024a3  __aeabi_dmul                  
0000259f  __aeabi_memcpy                
0000259f  __aeabi_memcpy4               
0000259f  __aeabi_memcpy8               
0000259f  memcpy                        
0000263b  __aeabi_uldivmod              
000026d1  __aeabi_cdcmpeq               
000026d1  __aeabi_cdcmple               
00002757  __aeabi_d2f                   
000027c5  __TI_decompress_lzss          
0000282d  __aeabi_d2ulz                 
00002889  __TI_auto_init_nobinit_nopinit
000028cd  __aeabi_uidiv                 
000028cd  __aeabi_uidivmod              
0000290d  main                          
00002949  __aeabi_f2d                   
00002981  _c_int00_noargs               
000029b5  __aeabi_i2d                   
000029e3  __aeabi_ul2d                  
00002a0f  __aeabi_ui2d                  
00002a2f  __TI_zero_init_nomemset       
00002a4b  __TI_decompress_none          
00002a59  Reset_Handler                 
00002a65  AES256_IRQHandler             
00002a65  BusFault_Handler              
00002a65  COMP_E0_IRQHandler            
00002a65  COMP_E1_IRQHandler            
00002a65  CS_IRQHandler                 
00002a65  DMA_ERR_IRQHandler            
00002a65  DMA_INT0_IRQHandler           
00002a65  DMA_INT1_IRQHandler           
00002a65  DMA_INT2_IRQHandler           
00002a65  DMA_INT3_IRQHandler           
00002a65  DebugMon_Handler              
00002a65  Default_Handler               
00002a65  EUSCIA0_IRQHandler            
00002a65  EUSCIA1_IRQHandler            
00002a65  EUSCIA2_IRQHandler            
00002a65  EUSCIA3_IRQHandler            
00002a65  EUSCIB0_IRQHandler            
00002a65  EUSCIB1_IRQHandler            
00002a65  EUSCIB2_IRQHandler            
00002a65  EUSCIB3_IRQHandler            
00002a65  FLCTL_IRQHandler              
00002a65  FPU_IRQHandler                
00002a65  HardFault_Handler             
00002a65  MemManage_Handler             
00002a65  NMI_Handler                   
00002a65  PCM_IRQHandler                
00002a65  PORT1_IRQHandler              
00002a65  PORT2_IRQHandler              
00002a65  PORT3_IRQHandler              
00002a65  PORT4_IRQHandler              
00002a65  PORT5_IRQHandler              
00002a65  PORT6_IRQHandler              
00002a65  PSS_IRQHandler                
00002a65  PendSV_Handler                
00002a65  RTC_C_IRQHandler              
00002a65  SVC_Handler                   
00002a65  SysTick_Handler               
00002a65  T32_INT1_IRQHandler           
00002a65  T32_INT2_IRQHandler           
00002a65  T32_INTC_IRQHandler           
00002a65  TA0_N_IRQHandler              
00002a65  TA1_N_IRQHandler              
00002a65  TA2_0_IRQHandler              
00002a65  TA3_0_IRQHandler              
00002a65  TA3_N_IRQHandler              
00002a65  UsageFault_Handler            
00002a65  WDT_A_IRQHandler              
00002a69  __aeabi_errno_addr            
00002a71  _system_pre_init              
00002a75  C$$EXIT                       
00002a75  abort                         
00002a90  __TI_Handler_Table_Base       
00002a9c  __TI_Handler_Table_Limit      
00002aa8  __TI_CINIT_Base               
00002ab8  __TI_CINIT_Limit              
20000070  errno                         
20000074  SystemCoreClock               
2000fe00  __stack                       
20010000  __STACK_END                   
4000480c  WDTCTL_SYM                    
ffffffff  __TI_pprof_out_hndl           
ffffffff  __TI_prof_data_size           
ffffffff  __TI_prof_data_start          
ffffffff  __binit__                     
ffffffff  __c_args__                    
ffffffff  binit                         
UNDEFED   __mpu_init                    
UNDEFED   _system_post_cinit            

[125 symbols]
