******************************************************************************
                  TI ARM Linker Unix v18.12.2                  
******************************************************************************
>> Linked Tue Nov  5 20:06:50 2019

OUTPUT FILE NAME:   <Project3.out>
ENTRY POINT SYMBOL: "_c_int00_noargs"  address: 00000e69


MEMORY CONFIGURATION

         name            origin    length      used     unused   attr    fill
----------------------  --------  ---------  --------  --------  ----  --------
  MAIN                  00000000   00040000  00000f8e  0003f072  R  X
  INFO                  00200000   00004000  00000000  00004000  R  X
  SRAM_CODE             01000000   00010000  00000250  0000fdb0  RW X
  SRAM_DATA             20000000   00010000  00000250  0000fdb0  RW  


SEGMENT ALLOCATION MAP

run origin  load origin   length   init length attrs members
----------  ----------- ---------- ----------- ----- -------
00000000    00000000    00000f90   00000f90    r-x
  00000000    00000000    000000e4   000000e4    r-- .intvecs
  000000e4    000000e4    00000e72   00000e72    r-x .text
  00000f58    00000f58    00000038   00000038    r-- .cinit
20000000    20000000    00000050   00000000    rw-
  20000000    20000000    00000034   00000000    rw- .bss
  20000034    20000034    0000001c   00000000    rw- .data
2000fe00    2000fe00    00000200   00000000    rw-
  2000fe00    2000fe00    00000200   00000000    rw- .stack


SECTION ALLOCATION MAP

 output                                  attributes/
section   page    origin      length       input sections
--------  ----  ----------  ----------   ----------------
.intvecs   0    00000000    000000e4     
                  00000000    000000e4     startup_msp432p401r_ccs.obj (.intvecs:retain)

.text      0    000000e4    00000e72     
                  000000e4    00000334     system_msp432p401r.obj (.text)
                  00000418    000002f4     adc_driver.obj (.text)
                  0000070c    00000264     uart_driver.obj (.text)
                  00000970    00000136     rtsv7M4_T_le_v4SPD16_eabi.lib : fd_div_t2.asm.obj (.text)
                  00000aa6    000000fc                                   : fd_mul_t2.asm.obj (.text)
                  00000ba2    0000009c                                   : memcpy_t2.asm.obj (.text)
                  00000c3e    00000096                                   : ull_div_t2.asm.obj (.text)
                  00000cd4    0000006e                                   : fd_tos_t2.asm.obj (.text)
                  00000d42    00000068                                   : copy_decompress_lzss.c.obj (.text:decompress:lzss:__TI_decompress_lzss)
                  00000daa    00000002                                   : div0.asm.obj (.text)
                  00000dac    00000044                                   : autoinit.c.obj (.text:__TI_auto_init_nobinit_nopinit:__TI_auto_init_nobinit_nopinit)
                  00000df0    00000040                                   : u_divt2.asm.obj (.text)
                  00000e30    00000038     main.obj (.text)
                  00000e68    00000034     rtsv7M4_T_le_v4SPD16_eabi.lib : boot_cortex_m.c.obj (.text:_c_int00_noargs:_c_int00_noargs)
                  00000e9c    0000002e                                   : i_tofd_t2.asm.obj (.text)
                  00000eca    0000002c                                   : ull_tofd_t2.asm.obj (.text)
                  00000ef6    00000020                                   : u_tofd_t2.asm.obj (.text)
                  00000f16    0000001c                                   : copy_zero_init.c.obj (.text:decompress:ZI:__TI_zero_init_nomemset:__TI_zero_init_nomemset)
                  00000f32    0000000e                                   : copy_decompress_none.c.obj (.text:decompress:none:__TI_decompress_none)
                  00000f40    0000000e     startup_msp432p401r_ccs.obj (.text)
                  00000f4e    00000004     rtsv7M4_T_le_v4SPD16_eabi.lib : pre_init.c.obj (.text:_system_pre_init)
                  00000f52    00000004                                   : exit.c.obj (.text:abort:abort)

.cinit     0    00000f58    00000038     
                  00000f58    00000011     (.cinit..data.load) [load image, compression = lzss]
                  00000f69    00000003     --HOLE-- [fill = 0]
                  00000f6c    0000000c     (__TI_handler_table)
                  00000f78    00000008     (.cinit..bss.load) [load image, compression = zero_init]
                  00000f80    00000010     (__TI_cinit_table)

.init_array 
*          0    00000000    00000000     UNINITIALIZED

.binit     0    00000000    00000000     

.bss       0    20000000    00000034     UNINITIALIZED
                  20000000    00000014     adc_driver.obj (.bss:ac_measurements)
                  20000014    00000014     adc_driver.obj (.bss:dc_measurements)
                  20000028    00000006     adc_driver.obj (.bss)
                  2000002e    00000004     uart_driver.obj (.bss:inValue)
                  20000032    00000002     (.common:ADC_Value)

.data      0    20000034    0000001c     UNINITIALIZED
                  20000034    00000010     adc_driver.obj (.data)
                  20000044    00000008     uart_driver.obj (.data)
                  2000004c    00000004     system_msp432p401r.obj (.data)

.stack     0    2000fe00    00000200     UNINITIALIZED
                  2000fe00    00000004     rtsv7M4_T_le_v4SPD16_eabi.lib : boot_cortex_m.c.obj (.stack)
                  2000fe04    000001fc     --HOLE--

MODULE SUMMARY

       Module                        code   ro data   rw data
       ------                        ----   -------   -------
    ./
       adc_driver.obj                756    0         128    
       system_msp432p401r.obj        820    0         8      
       uart_driver.obj               612    0         24     
       startup_msp432p401r_ccs.obj   14     228       0      
       main.obj                      56     0         0      
    +--+-----------------------------+------+---------+---------+
       Total:                        2258   228       160    
                                                             
    /Applications/ti/ccs910/ccs/tools/compiler/ti-cgt-arm_18.12.2.LTS/lib/rtsv7M4_T_le_v4SPD16_eabi.lib
       fd_div_t2.asm.obj             310    0         0      
       fd_mul_t2.asm.obj             252    0         0      
       memcpy_t2.asm.obj             156    0         0      
       ull_div_t2.asm.obj            150    0         0      
       fd_tos_t2.asm.obj             110    0         0      
       copy_decompress_lzss.c.obj    104    0         0      
       autoinit.c.obj                68     0         0      
       u_divt2.asm.obj               64     0         0      
       boot_cortex_m.c.obj           52     0         0      
       i_tofd_t2.asm.obj             46     0         0      
       ull_tofd_t2.asm.obj           44     0         0      
       u_tofd_t2.asm.obj             32     0         0      
       copy_zero_init.c.obj          28     0         0      
       copy_decompress_none.c.obj    14     0         0      
       exit.c.obj                    4      0         0      
       pre_init.c.obj                4      0         0      
       div0.asm.obj                  2      0         0      
    +--+-----------------------------+------+---------+---------+
       Total:                        1440   0         0      
                                                             
       Stack:                        0      0         1024   
       Linker Generated:             0      53        0      
    +--+-----------------------------+------+---------+---------+
       Grand Total:                  3698   281       1184   


LINKER GENERATED COPY TABLES

__TI_cinit_table @ 00000f80 records: 2, size/record: 8, table size: 16
	.data: load addr=00000f58, load size=00000011 bytes, run addr=20000034, run size=0000001c bytes, compression=lzss
	.bss: load addr=00000f78, load size=00000008 bytes, run addr=20000000, run size=00000034 bytes, compression=zero_init


LINKER GENERATED HANDLER TABLE

__TI_handler_table @ 00000f6c records: 3, size/record: 4, table size: 12
	index: 0, handler: __TI_decompress_lzss
	index: 1, handler: __TI_decompress_none
	index: 2, handler: __TI_zero_init


GLOBAL SYMBOLS: SORTED ALPHABETICALLY BY Name 

address   name                          
-------   ----                          
000004b9  ADC14_IRQHandler              
000004b9  ADC14_IRQHandler              
20000032  ADC_Value                     
00000f4d  AES256_IRQHandler             
00000f4d  BusFault_Handler              
00000f53  C$$EXIT                       
00000f4d  COMP_E0_IRQHandler            
00000f4d  COMP_E1_IRQHandler            
00000f4d  CS_IRQHandler                 
0000086d  CheckInputFlag                
00000f4d  DMA_ERR_IRQHandler            
00000f4d  DMA_INT0_IRQHandler           
00000f4d  DMA_INT1_IRQHandler           
00000f4d  DMA_INT2_IRQHandler           
00000f4d  DMA_INT3_IRQHandler           
00000f4d  DebugMon_Handler              
00000f4d  Default_Handler               
0000070d  EUSCIA0_IRQHandler            
0000070d  EUSCIA0_IRQHandler            
00000f4d  EUSCIA1_IRQHandler            
00000f4d  EUSCIA2_IRQHandler            
00000f4d  EUSCIA3_IRQHandler            
00000f4d  EUSCIB0_IRQHandler            
00000f4d  EUSCIB1_IRQHandler            
00000f4d  EUSCIB2_IRQHandler            
00000f4d  EUSCIB3_IRQHandler            
00000f4d  FLCTL_IRQHandler              
00000f4d  FPU_IRQHandler                
00000873  GetInputValue                 
00000f4d  HardFault_Handler             
00000419  Initialize_ADC                
000008c3  Initialize_UART               
00000f4d  MemManage_Handler             
00000f4d  NMI_Handler                   
00000f4d  PCM_IRQHandler                
00000f4d  PORT1_IRQHandler              
00000f4d  PORT2_IRQHandler              
00000f4d  PORT3_IRQHandler              
00000f4d  PORT4_IRQHandler              
00000f4d  PORT5_IRQHandler              
00000f4d  PORT6_IRQHandler              
00000f4d  PSS_IRQHandler                
00000f4d  PendSV_Handler                
00000f4d  RTC_C_IRQHandler              
00000565  Read_AC_PP                    
0000059b  Read_AC_RMS                   
00000621  Read_DC                       
00000675  Read_Measurement_Flag         
00000f41  Reset_Handler                 
00000f4d  SVC_Handler                   
00000f4d  SysTick_Handler               
2000004c  SystemCoreClock               
000000e5  SystemCoreClockUpdate         
0000035d  SystemInit                    
00000f4d  T32_INT1_IRQHandler           
00000f4d  T32_INT2_IRQHandler           
00000f4d  T32_INTC_IRQHandler           
00000f4d  TA0_0_IRQHandler              
00000f4d  TA0_N_IRQHandler              
00000f4d  TA1_0_IRQHandler              
00000f4d  TA1_N_IRQHandler              
00000f4d  TA2_0_IRQHandler              
00000f4d  TA2_N_IRQHandler              
00000f4d  TA3_0_IRQHandler              
00000f4d  TA3_N_IRQHandler              
00000511  TIMERA0_0_IRQHandler          
00000549  TIMERA1_0_IRQHandler          
00000f4d  UsageFault_Handler            
4000480c  WDTCTL_SYM                    
00000f4d  WDT_A_IRQHandler              
20010000  __STACK_END                   
00000200  __STACK_SIZE                  
00000f80  __TI_CINIT_Base               
00000f90  __TI_CINIT_Limit              
00000f6c  __TI_Handler_Table_Base       
00000f78  __TI_Handler_Table_Limit      
00000dad  __TI_auto_init_nobinit_nopinit
00000d43  __TI_decompress_lzss          
00000f33  __TI_decompress_none          
ffffffff  __TI_pprof_out_hndl           
ffffffff  __TI_prof_data_size           
ffffffff  __TI_prof_data_start          
00000000  __TI_static_base__            
00000f17  __TI_zero_init_nomemset       
00000cd5  __aeabi_d2f                   
00000971  __aeabi_ddiv                  
00000aa7  __aeabi_dmul                  
00000e9d  __aeabi_i2d                   
00000dab  __aeabi_idiv0                 
00000dab  __aeabi_ldiv0                 
00000ba3  __aeabi_memcpy                
00000ba3  __aeabi_memcpy4               
00000ba3  __aeabi_memcpy8               
00000ef7  __aeabi_ui2d                  
00000df1  __aeabi_uidiv                 
00000df1  __aeabi_uidivmod              
00000ecb  __aeabi_ul2d                  
00000c3f  __aeabi_uldivmod              
ffffffff  __binit__                     
ffffffff  __c_args__                    
UNDEFED   __mpu_init                    
2000fe00  __stack                       
00000e69  _c_int00_noargs               
UNDEFED   _system_post_cinit            
00000f4f  _system_pre_init              
00000f53  abort                         
ffffffff  binit                         
00000000  interruptVectors              
00000e31  main                          
00000ba3  memcpy                        


GLOBAL SYMBOLS: SORTED BY Symbol Address 

address   name                          
-------   ----                          
00000000  __TI_static_base__            
00000000  interruptVectors              
000000e5  SystemCoreClockUpdate         
00000200  __STACK_SIZE                  
0000035d  SystemInit                    
00000419  Initialize_ADC                
000004b9  ADC14_IRQHandler              
000004b9  ADC14_IRQHandler              
00000511  TIMERA0_0_IRQHandler          
00000549  TIMERA1_0_IRQHandler          
00000565  Read_AC_PP                    
0000059b  Read_AC_RMS                   
00000621  Read_DC                       
00000675  Read_Measurement_Flag         
0000070d  EUSCIA0_IRQHandler            
0000070d  EUSCIA0_IRQHandler            
0000086d  CheckInputFlag                
00000873  GetInputValue                 
000008c3  Initialize_UART               
00000971  __aeabi_ddiv                  
00000aa7  __aeabi_dmul                  
00000ba3  __aeabi_memcpy                
00000ba3  __aeabi_memcpy4               
00000ba3  __aeabi_memcpy8               
00000ba3  memcpy                        
00000c3f  __aeabi_uldivmod              
00000cd5  __aeabi_d2f                   
00000d43  __TI_decompress_lzss          
00000dab  __aeabi_idiv0                 
00000dab  __aeabi_ldiv0                 
00000dad  __TI_auto_init_nobinit_nopinit
00000df1  __aeabi_uidiv                 
00000df1  __aeabi_uidivmod              
00000e31  main                          
00000e69  _c_int00_noargs               
00000e9d  __aeabi_i2d                   
00000ecb  __aeabi_ul2d                  
00000ef7  __aeabi_ui2d                  
00000f17  __TI_zero_init_nomemset       
00000f33  __TI_decompress_none          
00000f41  Reset_Handler                 
00000f4d  AES256_IRQHandler             
00000f4d  BusFault_Handler              
00000f4d  COMP_E0_IRQHandler            
00000f4d  COMP_E1_IRQHandler            
00000f4d  CS_IRQHandler                 
00000f4d  DMA_ERR_IRQHandler            
00000f4d  DMA_INT0_IRQHandler           
00000f4d  DMA_INT1_IRQHandler           
00000f4d  DMA_INT2_IRQHandler           
00000f4d  DMA_INT3_IRQHandler           
00000f4d  DebugMon_Handler              
00000f4d  Default_Handler               
00000f4d  EUSCIA1_IRQHandler            
00000f4d  EUSCIA2_IRQHandler            
00000f4d  EUSCIA3_IRQHandler            
00000f4d  EUSCIB0_IRQHandler            
00000f4d  EUSCIB1_IRQHandler            
00000f4d  EUSCIB2_IRQHandler            
00000f4d  EUSCIB3_IRQHandler            
00000f4d  FLCTL_IRQHandler              
00000f4d  FPU_IRQHandler                
00000f4d  HardFault_Handler             
00000f4d  MemManage_Handler             
00000f4d  NMI_Handler                   
00000f4d  PCM_IRQHandler                
00000f4d  PORT1_IRQHandler              
00000f4d  PORT2_IRQHandler              
00000f4d  PORT3_IRQHandler              
00000f4d  PORT4_IRQHandler              
00000f4d  PORT5_IRQHandler              
00000f4d  PORT6_IRQHandler              
00000f4d  PSS_IRQHandler                
00000f4d  PendSV_Handler                
00000f4d  RTC_C_IRQHandler              
00000f4d  SVC_Handler                   
00000f4d  SysTick_Handler               
00000f4d  T32_INT1_IRQHandler           
00000f4d  T32_INT2_IRQHandler           
00000f4d  T32_INTC_IRQHandler           
00000f4d  TA0_0_IRQHandler              
00000f4d  TA0_N_IRQHandler              
00000f4d  TA1_0_IRQHandler              
00000f4d  TA1_N_IRQHandler              
00000f4d  TA2_0_IRQHandler              
00000f4d  TA2_N_IRQHandler              
00000f4d  TA3_0_IRQHandler              
00000f4d  TA3_N_IRQHandler              
00000f4d  UsageFault_Handler            
00000f4d  WDT_A_IRQHandler              
00000f4f  _system_pre_init              
00000f53  C$$EXIT                       
00000f53  abort                         
00000f6c  __TI_Handler_Table_Base       
00000f78  __TI_Handler_Table_Limit      
00000f80  __TI_CINIT_Base               
00000f90  __TI_CINIT_Limit              
20000032  ADC_Value                     
2000004c  SystemCoreClock               
2000fe00  __stack                       
20010000  __STACK_END                   
4000480c  WDTCTL_SYM                    
ffffffff  __TI_pprof_out_hndl           
ffffffff  __TI_prof_data_size           
ffffffff  __TI_prof_data_start          
ffffffff  __binit__                     
ffffffff  __c_args__                    
ffffffff  binit                         
UNDEFED   __mpu_init                    
UNDEFED   _system_post_cinit            

[110 symbols]
