******************************************************************************
                  TI ARM Linker PC v18.12.2                    
******************************************************************************
>> Linked Tue Nov  5 22:55:00 2019

OUTPUT FILE NAME:   <Project3.out>
ENTRY POINT SYMBOL: "_c_int00_noargs"  address: 00001025


MEMORY CONFIGURATION

         name            origin    length      used     unused   attr    fill
----------------------  --------  ---------  --------  --------  ----  --------
  MAIN                  00000000   00040000  0000117a  0003ee86  R  X
  INFO                  00200000   00004000  00000000  00004000  R  X
  SRAM_CODE             01000000   00010000  00000258  0000fda8  RW X
  SRAM_DATA             20000000   00010000  00000258  0000fda8  RW  


SEGMENT ALLOCATION MAP

run origin  load origin   length   init length attrs members
----------  ----------- ---------- ----------- ----- -------
00000000    00000000    00001180   00001180    r-x
  00000000    00000000    000000e4   000000e4    r-- .intvecs
  000000e4    000000e4    0000105e   0000105e    r-x .text
  00001148    00001148    00000038   00000038    r-- .cinit
20000000    20000000    00000058   00000000    rw-
  20000000    20000000    00000034   00000000    rw- .bss
  20000034    20000034    00000024   00000000    rw- .data
2000fe00    2000fe00    00000200   00000000    rw-
  2000fe00    2000fe00    00000200   00000000    rw- .stack


SECTION ALLOCATION MAP

 output                                  attributes/
section   page    origin      length       input sections
--------  ----  ----------  ----------   ----------------
.intvecs   0    00000000    000000e4     
                  00000000    000000e4     startup_msp432p401r_ccs.obj (.intvecs:retain)

.text      0    000000e4    0000105e     
                  000000e4    00000374     adc_driver.obj (.text)
                  00000458    00000334     system_msp432p401r.obj (.text)
                  0000078c    00000264     uart_driver.obj (.text)
                  000009f0    00000174     delay.obj (.text)
                  00000b64    00000136     rtsv7M4_T_le_v4SPD16_eabi.lib : fd_div_t2.asm.obj (.text)
                  00000c9a    000000fc                                   : fd_mul_t2.asm.obj (.text)
                  00000d96    0000009c                                   : memcpy_t2.asm.obj (.text)
                  00000e32    00000096                                   : ull_div_t2.asm.obj (.text)
                  00000ec8    0000006e                                   : fd_tos_t2.asm.obj (.text)
                  00000f36    00000068                                   : copy_decompress_lzss.c.obj (.text:decompress:lzss:__TI_decompress_lzss)
                  00000f9e    00000002                                   : div0.asm.obj (.text)
                  00000fa0    00000044                                   : autoinit.c.obj (.text:__TI_auto_init_nobinit_nopinit:__TI_auto_init_nobinit_nopinit)
                  00000fe4    00000040                                   : u_divt2.asm.obj (.text)
                  00001024    00000034                                   : boot_cortex_m.c.obj (.text:_c_int00_noargs:_c_int00_noargs)
                  00001058    00000030     main.obj (.text)
                  00001088    0000002e     rtsv7M4_T_le_v4SPD16_eabi.lib : i_tofd_t2.asm.obj (.text)
                  000010b6    0000002c                                   : ull_tofd_t2.asm.obj (.text)
                  000010e2    00000020                                   : u_tofd_t2.asm.obj (.text)
                  00001102    0000001c                                   : copy_zero_init.c.obj (.text:decompress:ZI:__TI_zero_init_nomemset:__TI_zero_init_nomemset)
                  0000111e    0000000e                                   : copy_decompress_none.c.obj (.text:decompress:none:__TI_decompress_none)
                  0000112c    0000000e     startup_msp432p401r_ccs.obj (.text)
                  0000113a    00000004     rtsv7M4_T_le_v4SPD16_eabi.lib : pre_init.c.obj (.text:_system_pre_init)
                  0000113e    00000004                                   : exit.c.obj (.text:abort:abort)

.cinit     0    00001148    00000038     
                  00001148    00000012     (.cinit..data.load) [load image, compression = lzss]
                  0000115a    00000002     --HOLE-- [fill = 0]
                  0000115c    0000000c     (__TI_handler_table)
                  00001168    00000008     (.cinit..bss.load) [load image, compression = zero_init]
                  00001170    00000010     (__TI_cinit_table)

.init_array 
*          0    00000000    00000000     UNINITIALIZED

.binit     0    00000000    00000000     

.bss       0    20000000    00000034     UNINITIALIZED
                  20000000    00000014     adc_driver.obj (.bss:ac_measurements)
                  20000014    00000014     adc_driver.obj (.bss:dc_measurements)
                  20000028    00000008     adc_driver.obj (.bss)
                  20000030    00000004     uart_driver.obj (.bss:inValue)

.data      0    20000034    00000024     UNINITIALIZED
                  20000034    00000018     adc_driver.obj (.data)
                  2000004c    00000008     uart_driver.obj (.data)
                  20000054    00000004     system_msp432p401r.obj (.data)

.stack     0    2000fe00    00000200     UNINITIALIZED
                  2000fe00    00000004     rtsv7M4_T_le_v4SPD16_eabi.lib : boot_cortex_m.c.obj (.stack)
                  2000fe04    000001fc     --HOLE--

MODULE SUMMARY

       Module                        code   ro data   rw data
       ------                        ----   -------   -------
    .\
       adc_driver.obj                884    0         144    
       system_msp432p401r.obj        820    0         8      
       uart_driver.obj               612    0         24     
       delay.obj                     372    0         0      
       startup_msp432p401r_ccs.obj   14     228       0      
       main.obj                      48     0         0      
    +--+-----------------------------+------+---------+---------+
       Total:                        2750   228       176    
                                                             
    C:\ti\ccs910\ccs\tools\compiler\ti-cgt-arm_18.12.2.LTS\lib\rtsv7M4_T_le_v4SPD16_eabi.lib
       fd_div_t2.asm.obj             310    0         0      
       fd_mul_t2.asm.obj             252    0         0      
       memcpy_t2.asm.obj             156    0         0      
       ull_div_t2.asm.obj            150    0         0      
       fd_tos_t2.asm.obj             110    0         0      
       copy_decompress_lzss.c.obj    104    0         0      
       autoinit.c.obj                68     0         0      
       u_divt2.asm.obj               64     0         0      
       boot_cortex_m.c.obj           52     0         0      
       i_tofd_t2.asm.obj             46     0         0      
       ull_tofd_t2.asm.obj           44     0         0      
       u_tofd_t2.asm.obj             32     0         0      
       copy_zero_init.c.obj          28     0         0      
       copy_decompress_none.c.obj    14     0         0      
       exit.c.obj                    4      0         0      
       pre_init.c.obj                4      0         0      
       div0.asm.obj                  2      0         0      
    +--+-----------------------------+------+---------+---------+
       Total:                        1440   0         0      
                                                             
       Stack:                        0      0         1024   
       Linker Generated:             0      54        0      
    +--+-----------------------------+------+---------+---------+
       Grand Total:                  4190   282       1200   


LINKER GENERATED COPY TABLES

__TI_cinit_table @ 00001170 records: 2, size/record: 8, table size: 16
	.data: load addr=00001148, load size=00000012 bytes, run addr=20000034, run size=00000024 bytes, compression=lzss
	.bss: load addr=00001168, load size=00000008 bytes, run addr=20000000, run size=00000034 bytes, compression=zero_init


LINKER GENERATED HANDLER TABLE

__TI_handler_table @ 0000115c records: 3, size/record: 4, table size: 12
	index: 0, handler: __TI_decompress_lzss
	index: 1, handler: __TI_decompress_none
	index: 2, handler: __TI_zero_init


GLOBAL SYMBOLS: SORTED ALPHABETICALLY BY Name 

address   name                          
-------   ----                          
00000177  ADC14_IRQHandler              
00000177  ADC14_IRQHandler              
00001139  AES256_IRQHandler             
00001139  BusFault_Handler              
0000113f  C$$EXIT                       
00001139  COMP_E0_IRQHandler            
00001139  COMP_E1_IRQHandler            
00001139  CS_IRQHandler                 
000008ed  CheckInputFlag                
00001139  DMA_ERR_IRQHandler            
00001139  DMA_INT0_IRQHandler           
00001139  DMA_INT1_IRQHandler           
00001139  DMA_INT2_IRQHandler           
00001139  DMA_INT3_IRQHandler           
00001139  DebugMon_Handler              
00001139  Default_Handler               
0000078d  EUSCIA0_IRQHandler            
0000078d  EUSCIA0_IRQHandler            
00001139  EUSCIA1_IRQHandler            
00001139  EUSCIA2_IRQHandler            
00001139  EUSCIA3_IRQHandler            
00001139  EUSCIB0_IRQHandler            
00001139  EUSCIB1_IRQHandler            
00001139  EUSCIB2_IRQHandler            
00001139  EUSCIB3_IRQHandler            
00001139  FLCTL_IRQHandler              
00001139  FPU_IRQHandler                
000008f3  GetInputValue                 
00001139  HardFault_Handler             
000000e5  Initialize_ADC                
00000943  Initialize_UART               
00001139  MemManage_Handler             
00001139  NMI_Handler                   
00001139  PCM_IRQHandler                
00001139  PORT1_IRQHandler              
00001139  PORT2_IRQHandler              
00001139  PORT3_IRQHandler              
00001139  PORT4_IRQHandler              
00001139  PORT5_IRQHandler              
00001139  PORT6_IRQHandler              
00001139  PSS_IRQHandler                
00001139  PendSV_Handler                
00001139  RTC_C_IRQHandler              
0000029b  Read_AC_PP                    
000002d1  Read_AC_RMS                   
00000361  Read_DC                       
0000035b  Read_Freq                     
000003b5  Read_Measurement_Flag         
0000112d  Reset_Handler                 
00001139  SVC_Handler                   
00001139  SysTick_Handler               
20000054  SystemCoreClock               
00000459  SystemCoreClockUpdate         
000006d1  SystemInit                    
00001139  T32_INT1_IRQHandler           
00001139  T32_INT2_IRQHandler           
00001139  T32_INTC_IRQHandler           
0000021d  TA0_0_IRQHandler              
0000021d  TA0_0_IRQHandler              
00001139  TA0_N_IRQHandler              
00000261  TA1_0_IRQHandler              
00000261  TA1_0_IRQHandler              
00001139  TA1_N_IRQHandler              
00000287  TA2_0_IRQHandler              
00000287  TA2_0_IRQHandler              
00001139  TA2_N_IRQHandler              
00001139  TA3_0_IRQHandler              
00001139  TA3_N_IRQHandler              
00001139  UsageFault_Handler            
4000480c  WDTCTL_SYM                    
00001139  WDT_A_IRQHandler              
20010000  __STACK_END                   
00000200  __STACK_SIZE                  
00001170  __TI_CINIT_Base               
00001180  __TI_CINIT_Limit              
0000115c  __TI_Handler_Table_Base       
00001168  __TI_Handler_Table_Limit      
00000fa1  __TI_auto_init_nobinit_nopinit
00000f37  __TI_decompress_lzss          
0000111f  __TI_decompress_none          
ffffffff  __TI_pprof_out_hndl           
ffffffff  __TI_prof_data_size           
ffffffff  __TI_prof_data_start          
00000000  __TI_static_base__            
00001103  __TI_zero_init_nomemset       
00000ec9  __aeabi_d2f                   
00000b65  __aeabi_ddiv                  
00000c9b  __aeabi_dmul                  
00001089  __aeabi_i2d                   
00000f9f  __aeabi_idiv0                 
00000f9f  __aeabi_ldiv0                 
00000d97  __aeabi_memcpy                
00000d97  __aeabi_memcpy4               
00000d97  __aeabi_memcpy8               
000010e3  __aeabi_ui2d                  
00000fe5  __aeabi_uidiv                 
00000fe5  __aeabi_uidivmod              
000010b7  __aeabi_ul2d                  
00000e33  __aeabi_uldivmod              
ffffffff  __binit__                     
ffffffff  __c_args__                    
UNDEFED   __mpu_init                    
2000fe00  __stack                       
00001025  _c_int00_noargs               
UNDEFED   _system_post_cinit            
0000113b  _system_pre_init              
0000113f  abort                         
ffffffff  binit                         
00000a69  delay_us                      
00000000  interruptVectors              
00001059  main                          
00000d97  memcpy                        
000009f1  set_DCO                       


GLOBAL SYMBOLS: SORTED BY Symbol Address 

address   name                          
-------   ----                          
00000000  __TI_static_base__            
00000000  interruptVectors              
000000e5  Initialize_ADC                
00000177  ADC14_IRQHandler              
00000177  ADC14_IRQHandler              
00000200  __STACK_SIZE                  
0000021d  TA0_0_IRQHandler              
0000021d  TA0_0_IRQHandler              
00000261  TA1_0_IRQHandler              
00000261  TA1_0_IRQHandler              
00000287  TA2_0_IRQHandler              
00000287  TA2_0_IRQHandler              
0000029b  Read_AC_PP                    
000002d1  Read_AC_RMS                   
0000035b  Read_Freq                     
00000361  Read_DC                       
000003b5  Read_Measurement_Flag         
00000459  SystemCoreClockUpdate         
000006d1  SystemInit                    
0000078d  EUSCIA0_IRQHandler            
0000078d  EUSCIA0_IRQHandler            
000008ed  CheckInputFlag                
000008f3  GetInputValue                 
00000943  Initialize_UART               
000009f1  set_DCO                       
00000a69  delay_us                      
00000b65  __aeabi_ddiv                  
00000c9b  __aeabi_dmul                  
00000d97  __aeabi_memcpy                
00000d97  __aeabi_memcpy4               
00000d97  __aeabi_memcpy8               
00000d97  memcpy                        
00000e33  __aeabi_uldivmod              
00000ec9  __aeabi_d2f                   
00000f37  __TI_decompress_lzss          
00000f9f  __aeabi_idiv0                 
00000f9f  __aeabi_ldiv0                 
00000fa1  __TI_auto_init_nobinit_nopinit
00000fe5  __aeabi_uidiv                 
00000fe5  __aeabi_uidivmod              
00001025  _c_int00_noargs               
00001059  main                          
00001089  __aeabi_i2d                   
000010b7  __aeabi_ul2d                  
000010e3  __aeabi_ui2d                  
00001103  __TI_zero_init_nomemset       
0000111f  __TI_decompress_none          
0000112d  Reset_Handler                 
00001139  AES256_IRQHandler             
00001139  BusFault_Handler              
00001139  COMP_E0_IRQHandler            
00001139  COMP_E1_IRQHandler            
00001139  CS_IRQHandler                 
00001139  DMA_ERR_IRQHandler            
00001139  DMA_INT0_IRQHandler           
00001139  DMA_INT1_IRQHandler           
00001139  DMA_INT2_IRQHandler           
00001139  DMA_INT3_IRQHandler           
00001139  DebugMon_Handler              
00001139  Default_Handler               
00001139  EUSCIA1_IRQHandler            
00001139  EUSCIA2_IRQHandler            
00001139  EUSCIA3_IRQHandler            
00001139  EUSCIB0_IRQHandler            
00001139  EUSCIB1_IRQHandler            
00001139  EUSCIB2_IRQHandler            
00001139  EUSCIB3_IRQHandler            
00001139  FLCTL_IRQHandler              
00001139  FPU_IRQHandler                
00001139  HardFault_Handler             
00001139  MemManage_Handler             
00001139  NMI_Handler                   
00001139  PCM_IRQHandler                
00001139  PORT1_IRQHandler              
00001139  PORT2_IRQHandler              
00001139  PORT3_IRQHandler              
00001139  PORT4_IRQHandler              
00001139  PORT5_IRQHandler              
00001139  PORT6_IRQHandler              
00001139  PSS_IRQHandler                
00001139  PendSV_Handler                
00001139  RTC_C_IRQHandler              
00001139  SVC_Handler                   
00001139  SysTick_Handler               
00001139  T32_INT1_IRQHandler           
00001139  T32_INT2_IRQHandler           
00001139  T32_INTC_IRQHandler           
00001139  TA0_N_IRQHandler              
00001139  TA1_N_IRQHandler              
00001139  TA2_N_IRQHandler              
00001139  TA3_0_IRQHandler              
00001139  TA3_N_IRQHandler              
00001139  UsageFault_Handler            
00001139  WDT_A_IRQHandler              
0000113b  _system_pre_init              
0000113f  C$$EXIT                       
0000113f  abort                         
0000115c  __TI_Handler_Table_Base       
00001168  __TI_Handler_Table_Limit      
00001170  __TI_CINIT_Base               
00001180  __TI_CINIT_Limit              
20000054  SystemCoreClock               
2000fe00  __stack                       
20010000  __STACK_END                   
4000480c  WDTCTL_SYM                    
ffffffff  __TI_pprof_out_hndl           
ffffffff  __TI_prof_data_size           
ffffffff  __TI_prof_data_start          
ffffffff  __binit__                     
ffffffff  __c_args__                    
ffffffff  binit                         
UNDEFED   __mpu_init                    
UNDEFED   _system_post_cinit            

[113 symbols]
