******************************************************************************
                  TI ARM Linker PC v18.12.2                    
******************************************************************************
>> Linked Wed Nov  6 19:31:30 2019

OUTPUT FILE NAME:   <Project3.out>
ENTRY POINT SYMBOL: "_c_int00_noargs"  address: 0000290d


MEMORY CONFIGURATION

         name            origin    length      used     unused   attr    fill
----------------------  --------  ---------  --------  --------  ----  --------
  MAIN                  00000000   00040000  00002a44  0003d5bc  R  X
  INFO                  00200000   00004000  00000000  00004000  R  X
  SRAM_CODE             01000000   00010000  00000278  0000fd88  RW X
  SRAM_DATA             20000000   00010000  00000278  0000fd88  RW  


SEGMENT ALLOCATION MAP

run origin  load origin   length   init length attrs members
----------  ----------- ---------- ----------- ----- -------
00000000    00000000    00002a48   00002a48    r-x
  00000000    00000000    000000e4   000000e4    r-- .intvecs
  000000e4    000000e4    00002920   00002920    r-x .text
  00002a08    00002a08    00000040   00000040    r-- .cinit
20000000    20000000    00000078   00000000    rw-
  20000000    20000000    00000044   00000000    rw- .bss
  20000044    20000044    00000034   00000000    rw- .data
2000fe00    2000fe00    00000200   00000000    rw-
  2000fe00    2000fe00    00000200   00000000    rw- .stack


SECTION ALLOCATION MAP

 output                                  attributes/
section   page    origin      length       input sections
--------  ----  ----------  ----------   ----------------
.intvecs   0    00000000    000000e4     
                  00000000    000000e4     startup_msp432p401r_ccs.obj (.intvecs:retain)

.text      0    000000e4    00002920     
                  000000e4    0000143c     uart_driver.obj (.text)
                  00001520    000004bc     adc_driver.obj (.text)
                  000019dc    00000334     system_msp432p401r.obj (.text)
                  00001d10    000001b6     rtsv7M4_T_le_v4SPD16_eabi.lib : fd_add_t2.asm.obj (.text)
                  00001ec6    00000002                                   : div0.asm.obj (.text)
                  00001ec8    0000019c     spi_driver.obj (.text)
                  00002064    00000174     delay.obj (.text)
                  000021d8    00000158     rtsv7M4_T_le_v4SPD16_eabi.lib : e_sqrt.c.obj (.text:sqrt)
                  00002330    00000136                                   : fd_div_t2.asm.obj (.text)
                  00002466    000000fc                                   : fd_mul_t2.asm.obj (.text)
                  00002562    0000009c                                   : memcpy_t2.asm.obj (.text)
                  000025fe    00000096                                   : ull_div_t2.asm.obj (.text)
                  00002694    00000086                                   : fd_cmp_t2.asm.obj (.text:__aeabi_cdcmple)
                  0000271a    0000006e                                   : fd_tos_t2.asm.obj (.text)
                  00002788    00000068                                   : copy_decompress_lzss.c.obj (.text:decompress:lzss:__TI_decompress_lzss)
                  000027f0    0000005c                                   : fd_toull_t2.asm.obj (.text)
                  0000284c    00000044                                   : autoinit.c.obj (.text:__TI_auto_init_nobinit_nopinit:__TI_auto_init_nobinit_nopinit)
                  00002890    00000040                                   : u_divt2.asm.obj (.text)
                  000028d0    0000003c     main.obj (.text)
                  0000290c    00000034     rtsv7M4_T_le_v4SPD16_eabi.lib : boot_cortex_m.c.obj (.text:_c_int00_noargs:_c_int00_noargs)
                  00002940    0000002e                                   : i_tofd_t2.asm.obj (.text)
                  0000296e    0000002c                                   : ull_tofd_t2.asm.obj (.text)
                  0000299a    00000020                                   : u_tofd_t2.asm.obj (.text)
                  000029ba    0000001c                                   : copy_zero_init.c.obj (.text:decompress:ZI:__TI_zero_init_nomemset:__TI_zero_init_nomemset)
                  000029d6    0000000e                                   : copy_decompress_none.c.obj (.text:decompress:none:__TI_decompress_none)
                  000029e4    0000000e     startup_msp432p401r_ccs.obj (.text)
                  000029f2    00000002     --HOLE-- [fill = 0]
                  000029f4    00000008     rtsv7M4_T_le_v4SPD16_eabi.lib : errno.c.obj (.text:__aeabi_errno_addr)
                  000029fc    00000004                                   : pre_init.c.obj (.text:_system_pre_init)
                  00002a00    00000004                                   : exit.c.obj (.text:abort:abort)

.cinit     0    00002a08    00000040     
                  00002a08    00000015     (.cinit..data.load) [load image, compression = lzss]
                  00002a1d    00000003     --HOLE-- [fill = 0]
                  00002a20    0000000c     (__TI_handler_table)
                  00002a2c    00000004     --HOLE-- [fill = 0]
                  00002a30    00000008     (.cinit..bss.load) [load image, compression = zero_init]
                  00002a38    00000010     (__TI_cinit_table)

.init_array 
*          0    00000000    00000000     UNINITIALIZED

.binit     0    00000000    00000000     

.bss       0    20000000    00000044     UNINITIALIZED
                  20000000    00000028     adc_driver.obj (.bss:ac_measurements)
                  20000028    00000014     adc_driver.obj (.bss:dc_measurements)
                  2000003c    00000008     adc_driver.obj (.bss)

.data      0    20000044    00000034     UNINITIALIZED
                  20000044    0000002c     adc_driver.obj (.data)
                  20000070    00000004     rtsv7M4_T_le_v4SPD16_eabi.lib : errno.c.obj (.data)
                  20000074    00000004     system_msp432p401r.obj (.data)

.stack     0    2000fe00    00000200     UNINITIALIZED
                  2000fe00    00000004     rtsv7M4_T_le_v4SPD16_eabi.lib : boot_cortex_m.c.obj (.stack)
                  2000fe04    000001fc     --HOLE--

MODULE SUMMARY

       Module                        code    ro data   rw data
       ------                        ----    -------   -------
    .\
       uart_driver.obj               5180    0         0      
       adc_driver.obj                1212    0         224    
       system_msp432p401r.obj        820     0         8      
       spi_driver.obj                412     0         0      
       delay.obj                     372     0         0      
       startup_msp432p401r_ccs.obj   14      228       0      
       main.obj                      60      0         0      
    +--+-----------------------------+-------+---------+---------+
       Total:                        8070    228       232    
                                                              
    C:\ti\ccs910\ccs\tools\compiler\ti-cgt-arm_18.12.2.LTS\lib\rtsv7M4_T_le_v4SPD16_eabi.lib
       fd_add_t2.asm.obj             438     0         0      
       e_sqrt.c.obj                  344     0         0      
       fd_div_t2.asm.obj             310     0         0      
       fd_mul_t2.asm.obj             252     0         0      
       memcpy_t2.asm.obj             156     0         0      
       ull_div_t2.asm.obj            150     0         0      
       fd_cmp_t2.asm.obj             134     0         0      
       fd_tos_t2.asm.obj             110     0         0      
       copy_decompress_lzss.c.obj    104     0         0      
       fd_toull_t2.asm.obj           92      0         0      
       autoinit.c.obj                68      0         0      
       u_divt2.asm.obj               64      0         0      
       boot_cortex_m.c.obj           52      0         0      
       i_tofd_t2.asm.obj             46      0         0      
       ull_tofd_t2.asm.obj           44      0         0      
       u_tofd_t2.asm.obj             32      0         0      
       copy_zero_init.c.obj          28      0         0      
       errno.c.obj                   8       0         8      
       copy_decompress_none.c.obj    14      0         0      
       exit.c.obj                    4       0         0      
       pre_init.c.obj                4       0         0      
       div0.asm.obj                  2       0         0      
    +--+-----------------------------+-------+---------+---------+
       Total:                        2456    0         8      
                                                              
       Stack:                        0       0         1024   
       Linker Generated:             0       57        0      
    +--+-----------------------------+-------+---------+---------+
       Grand Total:                  10526   285       1264   


LINKER GENERATED COPY TABLES

__TI_cinit_table @ 00002a38 records: 2, size/record: 8, table size: 16
	.data: load addr=00002a08, load size=00000015 bytes, run addr=20000044, run size=00000034 bytes, compression=lzss
	.bss: load addr=00002a30, load size=00000008 bytes, run addr=20000000, run size=00000044 bytes, compression=zero_init


LINKER GENERATED HANDLER TABLE

__TI_handler_table @ 00002a20 records: 3, size/record: 4, table size: 12
	index: 0, handler: __TI_decompress_lzss
	index: 1, handler: __TI_decompress_none
	index: 2, handler: __TI_zero_init


GLOBAL SYMBOLS: SORTED ALPHABETICALLY BY Name 

address   name                          
-------   ----                          
00001617  ADC14_IRQHandler              
00001617  ADC14_IRQHandler              
000029f1  AES256_IRQHandler             
000029f1  BusFault_Handler              
00002a01  C$$EXIT                       
000029f1  COMP_E0_IRQHandler            
000029f1  COMP_E1_IRQHandler            
000029f1  CS_IRQHandler                 
000029f1  DMA_ERR_IRQHandler            
000029f1  DMA_INT0_IRQHandler           
000029f1  DMA_INT1_IRQHandler           
000029f1  DMA_INT2_IRQHandler           
000029f1  DMA_INT3_IRQHandler           
000029f1  DebugMon_Handler              
000029f1  Default_Handler               
000029f1  EUSCIA0_IRQHandler            
000029f1  EUSCIA1_IRQHandler            
000029f1  EUSCIA2_IRQHandler            
000029f1  EUSCIA3_IRQHandler            
000029f1  EUSCIB0_IRQHandler            
000029f1  EUSCIB1_IRQHandler            
000029f1  EUSCIB2_IRQHandler            
000029f1  EUSCIB3_IRQHandler            
000029f1  FLCTL_IRQHandler              
000029f1  FPU_IRQHandler                
000029f1  HardFault_Handler             
00000ac1  Init_Desc_Values_To_VT100     
00001521  Initialize_ADC                
00001f47  Initialize_SPI                
000000e5  Initialize_UART               
000029f1  MemManage_Handler             
000029f1  NMI_Handler                   
000029f1  PCM_IRQHandler                
000029f1  PORT1_IRQHandler              
000029f1  PORT2_IRQHandler              
000029f1  PORT3_IRQHandler              
000029f1  PORT4_IRQHandler              
000029f1  PORT5_IRQHandler              
000029f1  PORT6_IRQHandler              
000029f1  PSS_IRQHandler                
000029f1  PendSV_Handler                
000029f1  RTC_C_IRQHandler              
0000178f  Read_AC_PP                    
000017d5  Read_AC_RMS                   
00001959  Read_Center                   
000018dd  Read_DC                       
0000188d  Read_Freq                     
00001939  Read_Measurement_Flag         
000029e5  Reset_Handler                 
000029f1  SVC_Handler                   
00001ec9  Send_DAC_Voltage              
000029f1  SysTick_Handler               
20000074  SystemCoreClock               
000019dd  SystemCoreClockUpdate         
00001c55  SystemInit                    
000029f1  T32_INT1_IRQHandler           
000029f1  T32_INT2_IRQHandler           
000029f1  T32_INTC_IRQHandler           
0000166f  TA0_0_IRQHandler              
0000166f  TA0_0_IRQHandler              
000029f1  TA0_N_IRQHandler              
000016eb  TA1_0_IRQHandler              
000016eb  TA1_0_IRQHandler              
000029f1  TA1_N_IRQHandler              
000029f1  TA2_0_IRQHandler              
0000172b  TA2_N_IRQHandler              
0000172b  TA2_N_IRQHandler              
000029f1  TA3_0_IRQHandler              
000029f1  TA3_N_IRQHandler              
000029f1  UsageFault_Handler            
4000480c  WDTCTL_SYM                    
000029f1  WDT_A_IRQHandler              
00000169  Write_Desc_Values_To_VT100    
20010000  __STACK_END                   
00000200  __STACK_SIZE                  
00002a38  __TI_CINIT_Base               
00002a48  __TI_CINIT_Limit              
00002a20  __TI_Handler_Table_Base       
00002a2c  __TI_Handler_Table_Limit      
0000284d  __TI_auto_init_nobinit_nopinit
00002789  __TI_decompress_lzss          
000029d7  __TI_decompress_none          
ffffffff  __TI_pprof_out_hndl           
ffffffff  __TI_prof_data_size           
ffffffff  __TI_prof_data_start          
00000000  __TI_static_base__            
000029bb  __TI_zero_init_nomemset       
00002695  __aeabi_cdcmpeq               
00002695  __aeabi_cdcmple               
0000271b  __aeabi_d2f                   
000027f1  __aeabi_d2ulz                 
00001d1b  __aeabi_dadd                  
00002331  __aeabi_ddiv                  
00002467  __aeabi_dmul                  
00001d11  __aeabi_dsub                  
000029f5  __aeabi_errno_addr            
00002941  __aeabi_i2d                   
00001ec7  __aeabi_idiv0                 
00001ec7  __aeabi_ldiv0                 
00002563  __aeabi_memcpy                
00002563  __aeabi_memcpy4               
00002563  __aeabi_memcpy8               
0000299b  __aeabi_ui2d                  
00002891  __aeabi_uidiv                 
00002891  __aeabi_uidivmod              
0000296f  __aeabi_ul2d                  
000025ff  __aeabi_uldivmod              
ffffffff  __binit__                     
ffffffff  __c_args__                    
UNDEFED   __mpu_init                    
2000fe00  __stack                       
0000290d  _c_int00_noargs               
UNDEFED   _system_post_cinit            
000029fd  _system_pre_init              
00002a01  abort                         
ffffffff  binit                         
000020dd  delay_us                      
20000070  errno                         
00000000  interruptVectors              
000028d1  main                          
00002563  memcpy                        
00002065  set_DCO                       
000021d9  sqrt                          
000021d9  sqrtl                         


GLOBAL SYMBOLS: SORTED BY Symbol Address 

address   name                          
-------   ----                          
00000000  __TI_static_base__            
00000000  interruptVectors              
000000e5  Initialize_UART               
00000169  Write_Desc_Values_To_VT100    
00000200  __STACK_SIZE                  
00000ac1  Init_Desc_Values_To_VT100     
00001521  Initialize_ADC                
00001617  ADC14_IRQHandler              
00001617  ADC14_IRQHandler              
0000166f  TA0_0_IRQHandler              
0000166f  TA0_0_IRQHandler              
000016eb  TA1_0_IRQHandler              
000016eb  TA1_0_IRQHandler              
0000172b  TA2_N_IRQHandler              
0000172b  TA2_N_IRQHandler              
0000178f  Read_AC_PP                    
000017d5  Read_AC_RMS                   
0000188d  Read_Freq                     
000018dd  Read_DC                       
00001939  Read_Measurement_Flag         
00001959  Read_Center                   
000019dd  SystemCoreClockUpdate         
00001c55  SystemInit                    
00001d11  __aeabi_dsub                  
00001d1b  __aeabi_dadd                  
00001ec7  __aeabi_idiv0                 
00001ec7  __aeabi_ldiv0                 
00001ec9  Send_DAC_Voltage              
00001f47  Initialize_SPI                
00002065  set_DCO                       
000020dd  delay_us                      
000021d9  sqrt                          
000021d9  sqrtl                         
00002331  __aeabi_ddiv                  
00002467  __aeabi_dmul                  
00002563  __aeabi_memcpy                
00002563  __aeabi_memcpy4               
00002563  __aeabi_memcpy8               
00002563  memcpy                        
000025ff  __aeabi_uldivmod              
00002695  __aeabi_cdcmpeq               
00002695  __aeabi_cdcmple               
0000271b  __aeabi_d2f                   
00002789  __TI_decompress_lzss          
000027f1  __aeabi_d2ulz                 
0000284d  __TI_auto_init_nobinit_nopinit
00002891  __aeabi_uidiv                 
00002891  __aeabi_uidivmod              
000028d1  main                          
0000290d  _c_int00_noargs               
00002941  __aeabi_i2d                   
0000296f  __aeabi_ul2d                  
0000299b  __aeabi_ui2d                  
000029bb  __TI_zero_init_nomemset       
000029d7  __TI_decompress_none          
000029e5  Reset_Handler                 
000029f1  AES256_IRQHandler             
000029f1  BusFault_Handler              
000029f1  COMP_E0_IRQHandler            
000029f1  COMP_E1_IRQHandler            
000029f1  CS_IRQHandler                 
000029f1  DMA_ERR_IRQHandler            
000029f1  DMA_INT0_IRQHandler           
000029f1  DMA_INT1_IRQHandler           
000029f1  DMA_INT2_IRQHandler           
000029f1  DMA_INT3_IRQHandler           
000029f1  DebugMon_Handler              
000029f1  Default_Handler               
000029f1  EUSCIA0_IRQHandler            
000029f1  EUSCIA1_IRQHandler            
000029f1  EUSCIA2_IRQHandler            
000029f1  EUSCIA3_IRQHandler            
000029f1  EUSCIB0_IRQHandler            
000029f1  EUSCIB1_IRQHandler            
000029f1  EUSCIB2_IRQHandler            
000029f1  EUSCIB3_IRQHandler            
000029f1  FLCTL_IRQHandler              
000029f1  FPU_IRQHandler                
000029f1  HardFault_Handler             
000029f1  MemManage_Handler             
000029f1  NMI_Handler                   
000029f1  PCM_IRQHandler                
000029f1  PORT1_IRQHandler              
000029f1  PORT2_IRQHandler              
000029f1  PORT3_IRQHandler              
000029f1  PORT4_IRQHandler              
000029f1  PORT5_IRQHandler              
000029f1  PORT6_IRQHandler              
000029f1  PSS_IRQHandler                
000029f1  PendSV_Handler                
000029f1  RTC_C_IRQHandler              
000029f1  SVC_Handler                   
000029f1  SysTick_Handler               
000029f1  T32_INT1_IRQHandler           
000029f1  T32_INT2_IRQHandler           
000029f1  T32_INTC_IRQHandler           
000029f1  TA0_N_IRQHandler              
000029f1  TA1_N_IRQHandler              
000029f1  TA2_0_IRQHandler              
000029f1  TA3_0_IRQHandler              
000029f1  TA3_N_IRQHandler              
000029f1  UsageFault_Handler            
000029f1  WDT_A_IRQHandler              
000029f5  __aeabi_errno_addr            
000029fd  _system_pre_init              
00002a01  C$$EXIT                       
00002a01  abort                         
00002a20  __TI_Handler_Table_Base       
00002a2c  __TI_Handler_Table_Limit      
00002a38  __TI_CINIT_Base               
00002a48  __TI_CINIT_Limit              
20000070  errno                         
20000074  SystemCoreClock               
2000fe00  __stack                       
20010000  __STACK_END                   
4000480c  WDTCTL_SYM                    
ffffffff  __TI_pprof_out_hndl           
ffffffff  __TI_prof_data_size           
ffffffff  __TI_prof_data_start          
ffffffff  __binit__                     
ffffffff  __c_args__                    
ffffffff  binit                         
UNDEFED   __mpu_init                    
UNDEFED   _system_post_cinit            

[124 symbols]
