******************************************************************************
                  TI ARM Linker PC v18.12.2                    
******************************************************************************
>> Linked Thu Oct  3 16:51:03 2019

OUTPUT FILE NAME:   <Assignment2.out>
ENTRY POINT SYMBOL: "_c_int00_noargs"  address: 00000a19


MEMORY CONFIGURATION

         name            origin    length      used     unused   attr    fill
----------------------  --------  ---------  --------  --------  ----  --------
  MAIN                  00000000   00040000  00000aac  0003f554  R  X
  INFO                  00200000   00004000  00000000  00004000  R  X
  SRAM_CODE             01000000   00010000  00000206  0000fdfa  RW X
  SRAM_DATA             20000000   00010000  00000206  0000fdfa  RW  


SEGMENT ALLOCATION MAP

run origin  load origin   length   init length attrs members
----------  ----------- ---------- ----------- ----- -------
00000000    00000000    00000aac   00000aac    r-x
  00000000    00000000    000000e4   000000e4    r-- .intvecs
  000000e4    000000e4    0000098c   0000098c    r-x .text
  00000a70    00000a70    00000020   00000020    r-- .const
  00000a90    00000a90    0000001c   0000001c    r-- .cinit
20000000    20000000    00000006   00000000    rw-
  20000000    20000000    00000006   00000000    rw- .data
2000fe00    2000fe00    00000200   00000000    rw-
  2000fe00    2000fe00    00000200   00000000    rw- .stack


SECTION ALLOCATION MAP

 output                                  attributes/
section   page    origin      length       input sections
--------  ----  ----------  ----------   ----------------
.intvecs   0    00000000    000000e4     
                  00000000    000000e4     startup_msp432p401r_ccs.obj (.intvecs:retain)

.text      0    000000e4    0000098c     
                  000000e4    00000334     system_msp432p401r.obj (.text)
                  00000418    00000308     lcd_driver.obj (.text)
                  00000720    00000174     delay.obj (.text)
                  00000894    0000009c     rtsv7M4_T_le_v4SPD16_eabi.lib : memcpy_t2.asm.obj (.text)
                  00000930    00000068                                   : copy_decompress_lzss.c.obj (.text:decompress:lzss:__TI_decompress_lzss)
                  00000998    00000044                                   : autoinit.c.obj (.text:__TI_auto_init_nobinit_nopinit:__TI_auto_init_nobinit_nopinit)
                  000009dc    0000003c     main.obj (.text)
                  00000a18    00000034     rtsv7M4_T_le_v4SPD16_eabi.lib : boot_cortex_m.c.obj (.text:_c_int00_noargs:_c_int00_noargs)
                  00000a4c    0000000e                                   : copy_decompress_none.c.obj (.text:decompress:none:__TI_decompress_none)
                  00000a5a    0000000e     startup_msp432p401r_ccs.obj (.text)
                  00000a68    00000004     rtsv7M4_T_le_v4SPD16_eabi.lib : pre_init.c.obj (.text:_system_pre_init)
                  00000a6c    00000004                                   : exit.c.obj (.text:abort:abort)

.const     0    00000a70    00000020     
                  00000a70    00000020     lcd_driver.obj (.const:.string:DDRAM_Addr)

.cinit     0    00000a90    0000001c     
                  00000a90    0000000a     (.cinit..data.load) [load image, compression = lzss]
                  00000a9a    00000002     --HOLE-- [fill = 0]
                  00000a9c    00000008     (__TI_handler_table)
                  00000aa4    00000008     (__TI_cinit_table)

.init_array 
*          0    00000000    00000000     UNINITIALIZED

.binit     0    00000000    00000000     

.data      0    20000000    00000006     UNINITIALIZED
                  20000000    00000004     system_msp432p401r.obj (.data)
                  20000004    00000002     lcd_driver.obj (.data)

.stack     0    2000fe00    00000200     UNINITIALIZED
                  2000fe00    00000004     rtsv7M4_T_le_v4SPD16_eabi.lib : boot_cortex_m.c.obj (.stack)
                  2000fe04    000001fc     --HOLE--

MODULE SUMMARY

       Module                        code   ro data   rw data
       ------                        ----   -------   -------
    .\
       system_msp432p401r.obj        820    0         8      
       lcd_driver.obj                776    32        4      
       delay.obj                     372    0         0      
       startup_msp432p401r_ccs.obj   14     228       0      
       main.obj                      60     0         0      
    +--+-----------------------------+------+---------+---------+
       Total:                        2042   260       12     
                                                             
    C:\ti\ccs910\ccs\tools\compiler\ti-cgt-arm_18.12.2.LTS\lib\rtsv7M4_T_le_v4SPD16_eabi.lib
       memcpy_t2.asm.obj             156    0         0      
       copy_decompress_lzss.c.obj    104    0         0      
       autoinit.c.obj                68     0         0      
       boot_cortex_m.c.obj           52     0         0      
       copy_decompress_none.c.obj    14     0         0      
       exit.c.obj                    4      0         0      
       pre_init.c.obj                4      0         0      
    +--+-----------------------------+------+---------+---------+
       Total:                        402    0         0      
                                                             
       Stack:                        0      0         1024   
       Linker Generated:             0      26        0      
    +--+-----------------------------+------+---------+---------+
       Grand Total:                  2444   286       1036   


LINKER GENERATED COPY TABLES

__TI_cinit_table @ 00000aa4 records: 1, size/record: 8, table size: 8
	.data: load addr=00000a90, load size=0000000a bytes, run addr=20000000, run size=00000006 bytes, compression=lzss


LINKER GENERATED HANDLER TABLE

__TI_handler_table @ 00000a9c records: 2, size/record: 4, table size: 8
	index: 0, handler: __TI_decompress_lzss
	index: 1, handler: __TI_decompress_none


GLOBAL SYMBOLS: SORTED ALPHABETICALLY BY Name 

address   name                          
-------   ----                          
00000a67  ADC14_IRQHandler              
00000a67  AES256_IRQHandler             
00000a67  BusFault_Handler              
00000a6d  C$$EXIT                       
00000a67  COMP_E0_IRQHandler            
00000a67  COMP_E1_IRQHandler            
00000a67  CS_IRQHandler                 
00000419  Clear_LCD                     
00000a70  DDRAM_Addr                    
00000a67  DMA_ERR_IRQHandler            
00000a67  DMA_INT0_IRQHandler           
00000a67  DMA_INT1_IRQHandler           
00000a67  DMA_INT2_IRQHandler           
00000a67  DMA_INT3_IRQHandler           
00000a67  DebugMon_Handler              
00000a67  Default_Handler               
00000a67  EUSCIA0_IRQHandler            
00000a67  EUSCIA1_IRQHandler            
00000a67  EUSCIA2_IRQHandler            
00000a67  EUSCIA3_IRQHandler            
00000a67  EUSCIB0_IRQHandler            
00000a67  EUSCIB1_IRQHandler            
00000a67  EUSCIB2_IRQHandler            
00000a67  EUSCIB3_IRQHandler            
00000a67  FLCTL_IRQHandler              
00000a67  FPU_IRQHandler                
00000a67  HardFault_Handler             
00000423  Home_LCD                      
00000675  Initialize_LCD                
00000a67  MemManage_Handler             
00000a67  NMI_Handler                   
00000a67  PCM_IRQHandler                
00000a67  PORT1_IRQHandler              
00000a67  PORT2_IRQHandler              
00000a67  PORT3_IRQHandler              
00000a67  PORT4_IRQHandler              
00000a67  PORT5_IRQHandler              
00000a67  PORT6_IRQHandler              
00000a67  PSS_IRQHandler                
00000a67  PendSV_Handler                
00000a67  RTC_C_IRQHandler              
00000a5b  Reset_Handler                 
00000a67  SVC_Handler                   
00000a67  SysTick_Handler               
20000000  SystemCoreClock               
000000e5  SystemCoreClockUpdate         
0000035d  SystemInit                    
00000a67  T32_INT1_IRQHandler           
00000a67  T32_INT2_IRQHandler           
00000a67  T32_INTC_IRQHandler           
00000a67  TA0_0_IRQHandler              
00000a67  TA0_N_IRQHandler              
00000a67  TA1_0_IRQHandler              
00000a67  TA1_N_IRQHandler              
00000a67  TA2_0_IRQHandler              
00000a67  TA2_N_IRQHandler              
00000a67  TA3_0_IRQHandler              
00000a67  TA3_N_IRQHandler              
00000a67  UsageFault_Handler            
4000480c  WDTCTL_SYM                    
00000a67  WDT_A_IRQHandler              
00000459  Write_char_LCD                
00000597  Write_command_LCD             
0000042d  Write_string_LCD              
20010000  __STACK_END                   
00000200  __STACK_SIZE                  
00000aa4  __TI_CINIT_Base               
00000aac  __TI_CINIT_Limit              
00000a9c  __TI_Handler_Table_Base       
00000aa4  __TI_Handler_Table_Limit      
00000999  __TI_auto_init_nobinit_nopinit
00000931  __TI_decompress_lzss          
00000a4d  __TI_decompress_none          
ffffffff  __TI_pprof_out_hndl           
ffffffff  __TI_prof_data_size           
ffffffff  __TI_prof_data_start          
00000000  __TI_static_base__            
00000895  __aeabi_memcpy                
00000895  __aeabi_memcpy4               
00000895  __aeabi_memcpy8               
ffffffff  __binit__                     
ffffffff  __c_args__                    
UNDEFED   __mpu_init                    
2000fe00  __stack                       
00000a19  _c_int00_noargs               
UNDEFED   _system_post_cinit            
00000a69  _system_pre_init              
00000a6d  abort                         
ffffffff  binit                         
00000799  delay_us                      
00000000  interruptVectors              
000009dd  main                          
00000895  memcpy                        
00000721  set_DCO                       


GLOBAL SYMBOLS: SORTED BY Symbol Address 

address   name                          
-------   ----                          
00000000  __TI_static_base__            
00000000  interruptVectors              
000000e5  SystemCoreClockUpdate         
00000200  __STACK_SIZE                  
0000035d  SystemInit                    
00000419  Clear_LCD                     
00000423  Home_LCD                      
0000042d  Write_string_LCD              
00000459  Write_char_LCD                
00000597  Write_command_LCD             
00000675  Initialize_LCD                
00000721  set_DCO                       
00000799  delay_us                      
00000895  __aeabi_memcpy                
00000895  __aeabi_memcpy4               
00000895  __aeabi_memcpy8               
00000895  memcpy                        
00000931  __TI_decompress_lzss          
00000999  __TI_auto_init_nobinit_nopinit
000009dd  main                          
00000a19  _c_int00_noargs               
00000a4d  __TI_decompress_none          
00000a5b  Reset_Handler                 
00000a67  ADC14_IRQHandler              
00000a67  AES256_IRQHandler             
00000a67  BusFault_Handler              
00000a67  COMP_E0_IRQHandler            
00000a67  COMP_E1_IRQHandler            
00000a67  CS_IRQHandler                 
00000a67  DMA_ERR_IRQHandler            
00000a67  DMA_INT0_IRQHandler           
00000a67  DMA_INT1_IRQHandler           
00000a67  DMA_INT2_IRQHandler           
00000a67  DMA_INT3_IRQHandler           
00000a67  DebugMon_Handler              
00000a67  Default_Handler               
00000a67  EUSCIA0_IRQHandler            
00000a67  EUSCIA1_IRQHandler            
00000a67  EUSCIA2_IRQHandler            
00000a67  EUSCIA3_IRQHandler            
00000a67  EUSCIB0_IRQHandler            
00000a67  EUSCIB1_IRQHandler            
00000a67  EUSCIB2_IRQHandler            
00000a67  EUSCIB3_IRQHandler            
00000a67  FLCTL_IRQHandler              
00000a67  FPU_IRQHandler                
00000a67  HardFault_Handler             
00000a67  MemManage_Handler             
00000a67  NMI_Handler                   
00000a67  PCM_IRQHandler                
00000a67  PORT1_IRQHandler              
00000a67  PORT2_IRQHandler              
00000a67  PORT3_IRQHandler              
00000a67  PORT4_IRQHandler              
00000a67  PORT5_IRQHandler              
00000a67  PORT6_IRQHandler              
00000a67  PSS_IRQHandler                
00000a67  PendSV_Handler                
00000a67  RTC_C_IRQHandler              
00000a67  SVC_Handler                   
00000a67  SysTick_Handler               
00000a67  T32_INT1_IRQHandler           
00000a67  T32_INT2_IRQHandler           
00000a67  T32_INTC_IRQHandler           
00000a67  TA0_0_IRQHandler              
00000a67  TA0_N_IRQHandler              
00000a67  TA1_0_IRQHandler              
00000a67  TA1_N_IRQHandler              
00000a67  TA2_0_IRQHandler              
00000a67  TA2_N_IRQHandler              
00000a67  TA3_0_IRQHandler              
00000a67  TA3_N_IRQHandler              
00000a67  UsageFault_Handler            
00000a67  WDT_A_IRQHandler              
00000a69  _system_pre_init              
00000a6d  C$$EXIT                       
00000a6d  abort                         
00000a70  DDRAM_Addr                    
00000a9c  __TI_Handler_Table_Base       
00000aa4  __TI_CINIT_Base               
00000aa4  __TI_Handler_Table_Limit      
00000aac  __TI_CINIT_Limit              
20000000  SystemCoreClock               
2000fe00  __stack                       
20010000  __STACK_END                   
4000480c  WDTCTL_SYM                    
ffffffff  __TI_pprof_out_hndl           
ffffffff  __TI_prof_data_size           
ffffffff  __TI_prof_data_start          
ffffffff  __binit__                     
ffffffff  __c_args__                    
ffffffff  binit                         
UNDEFED   __mpu_init                    
UNDEFED   _system_post_cinit            

[94 symbols]
