******************************************************************************
                  TI ARM Linker Unix v18.12.2                  
******************************************************************************
>> Linked Mon Sep 30 10:58:03 2019

OUTPUT FILE NAME:   <Assignment2.out>
ENTRY POINT SYMBOL: "_c_int00_noargs"  address: 00000a39


MEMORY CONFIGURATION

         name            origin    length      used     unused   attr    fill
----------------------  --------  ---------  --------  --------  ----  --------
  MAIN                  00000000   00040000  00000acc  0003f534  R  X
  INFO                  00200000   00004000  00000000  00004000  R  X
  SRAM_CODE             01000000   00010000  00000206  0000fdfa  RW X
  SRAM_DATA             20000000   00010000  00000206  0000fdfa  RW  


SEGMENT ALLOCATION MAP

run origin  load origin   length   init length attrs members
----------  ----------- ---------- ----------- ----- -------
00000000    00000000    00000acc   00000acc    r-x
  00000000    00000000    000000e4   000000e4    r-- .intvecs
  000000e4    000000e4    000009ac   000009ac    r-x .text
  00000a90    00000a90    00000020   00000020    r-- .const
  00000ab0    00000ab0    0000001c   0000001c    r-- .cinit
20000000    20000000    00000006   00000000    rw-
  20000000    20000000    00000006   00000000    rw- .data
2000fe00    2000fe00    00000200   00000000    rw-
  2000fe00    2000fe00    00000200   00000000    rw- .stack


SECTION ALLOCATION MAP

 output                                  attributes/
section   page    origin      length       input sections
--------  ----  ----------  ----------   ----------------
.intvecs   0    00000000    000000e4     
                  00000000    000000e4     startup_msp432p401r_ccs.obj (.intvecs:retain)

.text      0    000000e4    000009ac     
                  000000e4    00000334     system_msp432p401r.obj (.text)
                  00000418    0000031c     lcd_driver.obj (.text)
                  00000734    00000178     delay.obj (.text)
                  000008ac    0000009c     rtsv7M4_T_le_v4SPD16_eabi.lib : memcpy_t2.asm.obj (.text)
                  00000948    00000068                                   : copy_decompress_lzss.c.obj (.text:decompress:lzss:__TI_decompress_lzss)
                  000009b0    00000044                                   : autoinit.c.obj (.text:__TI_auto_init_nobinit_nopinit:__TI_auto_init_nobinit_nopinit)
                  000009f4    00000044     main.obj (.text)
                  00000a38    00000034     rtsv7M4_T_le_v4SPD16_eabi.lib : boot_cortex_m.c.obj (.text:_c_int00_noargs:_c_int00_noargs)
                  00000a6c    0000000e                                   : copy_decompress_none.c.obj (.text:decompress:none:__TI_decompress_none)
                  00000a7a    0000000e     startup_msp432p401r_ccs.obj (.text)
                  00000a88    00000004     rtsv7M4_T_le_v4SPD16_eabi.lib : pre_init.c.obj (.text:_system_pre_init)
                  00000a8c    00000004                                   : exit.c.obj (.text:abort:abort)

.const     0    00000a90    00000020     
                  00000a90    00000020     lcd_driver.obj (.const:.string:DDRAM_Addr)

.cinit     0    00000ab0    0000001c     
                  00000ab0    0000000a     (.cinit..data.load) [load image, compression = lzss]
                  00000aba    00000002     --HOLE-- [fill = 0]
                  00000abc    00000008     (__TI_handler_table)
                  00000ac4    00000008     (__TI_cinit_table)

.init_array 
*          0    00000000    00000000     UNINITIALIZED

.binit     0    00000000    00000000     

.data      0    20000000    00000006     UNINITIALIZED
                  20000000    00000004     system_msp432p401r.obj (.data)
                  20000004    00000002     lcd_driver.obj (.data)

.stack     0    2000fe00    00000200     UNINITIALIZED
                  2000fe00    00000004     rtsv7M4_T_le_v4SPD16_eabi.lib : boot_cortex_m.c.obj (.stack)
                  2000fe04    000001fc     --HOLE--

MODULE SUMMARY

       Module                        code   ro data   rw data
       ------                        ----   -------   -------
    ./
       lcd_driver.obj                796    32        4      
       system_msp432p401r.obj        820    0         8      
       delay.obj                     376    0         0      
       startup_msp432p401r_ccs.obj   14     228       0      
       main.obj                      68     0         0      
    +--+-----------------------------+------+---------+---------+
       Total:                        2074   260       12     
                                                             
    /Applications/ti/ccs910/ccs/tools/compiler/ti-cgt-arm_18.12.2.LTS/lib/rtsv7M4_T_le_v4SPD16_eabi.lib
       memcpy_t2.asm.obj             156    0         0      
       copy_decompress_lzss.c.obj    104    0         0      
       autoinit.c.obj                68     0         0      
       boot_cortex_m.c.obj           52     0         0      
       copy_decompress_none.c.obj    14     0         0      
       exit.c.obj                    4      0         0      
       pre_init.c.obj                4      0         0      
    +--+-----------------------------+------+---------+---------+
       Total:                        402    0         0      
                                                             
       Stack:                        0      0         1024   
       Linker Generated:             0      26        0      
    +--+-----------------------------+------+---------+---------+
       Grand Total:                  2476   286       1036   


LINKER GENERATED COPY TABLES

__TI_cinit_table @ 00000ac4 records: 1, size/record: 8, table size: 8
	.data: load addr=00000ab0, load size=0000000a bytes, run addr=20000000, run size=00000006 bytes, compression=lzss


LINKER GENERATED HANDLER TABLE

__TI_handler_table @ 00000abc records: 2, size/record: 4, table size: 8
	index: 0, handler: __TI_decompress_lzss
	index: 1, handler: __TI_decompress_none


GLOBAL SYMBOLS: SORTED ALPHABETICALLY BY Name 

address   name                          
-------   ----                          
00000a87  ADC14_IRQHandler              
00000a87  AES256_IRQHandler             
00000a87  BusFault_Handler              
00000a8d  C$$EXIT                       
00000a87  COMP_E0_IRQHandler            
00000a87  COMP_E1_IRQHandler            
00000a87  CS_IRQHandler                 
00000419  Clear_LCD                     
00000a90  DDRAM_Addr                    
00000a87  DMA_ERR_IRQHandler            
00000a87  DMA_INT0_IRQHandler           
00000a87  DMA_INT1_IRQHandler           
00000a87  DMA_INT2_IRQHandler           
00000a87  DMA_INT3_IRQHandler           
00000a87  DebugMon_Handler              
00000a87  Default_Handler               
00000a87  EUSCIA0_IRQHandler            
00000a87  EUSCIA1_IRQHandler            
00000a87  EUSCIA2_IRQHandler            
00000a87  EUSCIA3_IRQHandler            
00000a87  EUSCIB0_IRQHandler            
00000a87  EUSCIB1_IRQHandler            
00000a87  EUSCIB2_IRQHandler            
00000a87  EUSCIB3_IRQHandler            
00000a87  FLCTL_IRQHandler              
00000a87  FPU_IRQHandler                
00000a87  HardFault_Handler             
00000423  Home_LCD                      
0000067f  Initialize_LCD                
00000a87  MemManage_Handler             
00000a87  NMI_Handler                   
00000a87  PCM_IRQHandler                
00000a87  PORT1_IRQHandler              
00000a87  PORT2_IRQHandler              
00000a87  PORT3_IRQHandler              
00000a87  PORT4_IRQHandler              
00000a87  PORT5_IRQHandler              
00000a87  PORT6_IRQHandler              
00000a87  PSS_IRQHandler                
00000a87  PendSV_Handler                
00000a87  RTC_C_IRQHandler              
00000a7b  Reset_Handler                 
00000a87  SVC_Handler                   
00000a87  SysTick_Handler               
20000000  SystemCoreClock               
000000e5  SystemCoreClockUpdate         
0000035d  SystemInit                    
00000a87  T32_INT1_IRQHandler           
00000a87  T32_INT2_IRQHandler           
00000a87  T32_INTC_IRQHandler           
00000a87  TA0_0_IRQHandler              
00000a87  TA0_N_IRQHandler              
00000a87  TA1_0_IRQHandler              
00000a87  TA1_N_IRQHandler              
00000a87  TA2_0_IRQHandler              
00000a87  TA2_N_IRQHandler              
00000a87  TA3_0_IRQHandler              
00000a87  TA3_N_IRQHandler              
00000a87  UsageFault_Handler            
4000480c  WDTCTL_SYM                    
00000a87  WDT_A_IRQHandler              
00000459  Write_char_LCD                
00000597  Write_command_LCD             
0000042d  Write_string_LCD              
20010000  __STACK_END                   
00000200  __STACK_SIZE                  
00000ac4  __TI_CINIT_Base               
00000acc  __TI_CINIT_Limit              
00000abc  __TI_Handler_Table_Base       
00000ac4  __TI_Handler_Table_Limit      
000009b1  __TI_auto_init_nobinit_nopinit
00000949  __TI_decompress_lzss          
00000a6d  __TI_decompress_none          
ffffffff  __TI_pprof_out_hndl           
ffffffff  __TI_prof_data_size           
ffffffff  __TI_prof_data_start          
00000000  __TI_static_base__            
000008ad  __aeabi_memcpy                
000008ad  __aeabi_memcpy4               
000008ad  __aeabi_memcpy8               
ffffffff  __binit__                     
ffffffff  __c_args__                    
UNDEFED   __mpu_init                    
2000fe00  __stack                       
00000a39  _c_int00_noargs               
UNDEFED   _system_post_cinit            
00000a89  _system_pre_init              
00000a8d  abort                         
ffffffff  binit                         
000007ad  delay_us                      
00000000  interruptVectors              
000009f5  main                          
000008ad  memcpy                        
00000735  set_DCO                       


GLOBAL SYMBOLS: SORTED BY Symbol Address 

address   name                          
-------   ----                          
00000000  __TI_static_base__            
00000000  interruptVectors              
000000e5  SystemCoreClockUpdate         
00000200  __STACK_SIZE                  
0000035d  SystemInit                    
00000419  Clear_LCD                     
00000423  Home_LCD                      
0000042d  Write_string_LCD              
00000459  Write_char_LCD                
00000597  Write_command_LCD             
0000067f  Initialize_LCD                
00000735  set_DCO                       
000007ad  delay_us                      
000008ad  __aeabi_memcpy                
000008ad  __aeabi_memcpy4               
000008ad  __aeabi_memcpy8               
000008ad  memcpy                        
00000949  __TI_decompress_lzss          
000009b1  __TI_auto_init_nobinit_nopinit
000009f5  main                          
00000a39  _c_int00_noargs               
00000a6d  __TI_decompress_none          
00000a7b  Reset_Handler                 
00000a87  ADC14_IRQHandler              
00000a87  AES256_IRQHandler             
00000a87  BusFault_Handler              
00000a87  COMP_E0_IRQHandler            
00000a87  COMP_E1_IRQHandler            
00000a87  CS_IRQHandler                 
00000a87  DMA_ERR_IRQHandler            
00000a87  DMA_INT0_IRQHandler           
00000a87  DMA_INT1_IRQHandler           
00000a87  DMA_INT2_IRQHandler           
00000a87  DMA_INT3_IRQHandler           
00000a87  DebugMon_Handler              
00000a87  Default_Handler               
00000a87  EUSCIA0_IRQHandler            
00000a87  EUSCIA1_IRQHandler            
00000a87  EUSCIA2_IRQHandler            
00000a87  EUSCIA3_IRQHandler            
00000a87  EUSCIB0_IRQHandler            
00000a87  EUSCIB1_IRQHandler            
00000a87  EUSCIB2_IRQHandler            
00000a87  EUSCIB3_IRQHandler            
00000a87  FLCTL_IRQHandler              
00000a87  FPU_IRQHandler                
00000a87  HardFault_Handler             
00000a87  MemManage_Handler             
00000a87  NMI_Handler                   
00000a87  PCM_IRQHandler                
00000a87  PORT1_IRQHandler              
00000a87  PORT2_IRQHandler              
00000a87  PORT3_IRQHandler              
00000a87  PORT4_IRQHandler              
00000a87  PORT5_IRQHandler              
00000a87  PORT6_IRQHandler              
00000a87  PSS_IRQHandler                
00000a87  PendSV_Handler                
00000a87  RTC_C_IRQHandler              
00000a87  SVC_Handler                   
00000a87  SysTick_Handler               
00000a87  T32_INT1_IRQHandler           
00000a87  T32_INT2_IRQHandler           
00000a87  T32_INTC_IRQHandler           
00000a87  TA0_0_IRQHandler              
00000a87  TA0_N_IRQHandler              
00000a87  TA1_0_IRQHandler              
00000a87  TA1_N_IRQHandler              
00000a87  TA2_0_IRQHandler              
00000a87  TA2_N_IRQHandler              
00000a87  TA3_0_IRQHandler              
00000a87  TA3_N_IRQHandler              
00000a87  UsageFault_Handler            
00000a87  WDT_A_IRQHandler              
00000a89  _system_pre_init              
00000a8d  C$$EXIT                       
00000a8d  abort                         
00000a90  DDRAM_Addr                    
00000abc  __TI_Handler_Table_Base       
00000ac4  __TI_CINIT_Base               
00000ac4  __TI_Handler_Table_Limit      
00000acc  __TI_CINIT_Limit              
20000000  SystemCoreClock               
2000fe00  __stack                       
20010000  __STACK_END                   
4000480c  WDTCTL_SYM                    
ffffffff  __TI_pprof_out_hndl           
ffffffff  __TI_prof_data_size           
ffffffff  __TI_prof_data_start          
ffffffff  __binit__                     
ffffffff  __c_args__                    
ffffffff  binit                         
UNDEFED   __mpu_init                    
UNDEFED   _system_post_cinit            

[94 symbols]
