******************************************************************************
                  TI ARM Linker Unix v18.12.2                  
******************************************************************************
>> Linked Thu Sep 26 22:30:41 2019

OUTPUT FILE NAME:   <Assignment1.out>
ENTRY POINT SYMBOL: "_c_int00_noargs"  address: 00000691


MEMORY CONFIGURATION

         name            origin    length      used     unused   attr    fill
----------------------  --------  ---------  --------  --------  ----  --------
  MAIN                  00000000   00040000  00000700  0003f900  R  X
  INFO                  00200000   00004000  00000000  00004000  R  X
  SRAM_CODE             01000000   00010000  00000204  0000fdfc  RW X
  SRAM_DATA             20000000   00010000  00000204  0000fdfc  RW  


SEGMENT ALLOCATION MAP

run origin  load origin   length   init length attrs members
----------  ----------- ---------- ----------- ----- -------
00000000    00000000    00000700   00000700    r-x
  00000000    00000000    000000e4   000000e4    r-- .intvecs
  000000e4    000000e4    00000604   00000604    r-x .text
  000006e8    000006e8    00000018   00000018    r-- .cinit
20000000    20000000    00000004   00000000    rw-
  20000000    20000000    00000004   00000000    rw- .data
2000fe00    2000fe00    00000200   00000000    rw-
  2000fe00    2000fe00    00000200   00000000    rw- .stack


SECTION ALLOCATION MAP

 output                                  attributes/
section   page    origin      length       input sections
--------  ----  ----------  ----------   ----------------
.intvecs   0    00000000    000000e4     
                  00000000    000000e4     startup_msp432p401r_ccs.obj (.intvecs:retain)

.text      0    000000e4    00000604     
                  000000e4    00000334     system_msp432p401r.obj (.text)
                  00000418    000000e0     delay.obj (.text)
                  000004f8    0000009c     rtsv7M4_T_le_v4SPD16_eabi.lib : memcpy_t2.asm.obj (.text)
                  00000594    00000068                                   : copy_decompress_lzss.c.obj (.text:decompress:lzss:__TI_decompress_lzss)
                  000005fc    00000050     main.obj (.text)
                  0000064c    00000044     rtsv7M4_T_le_v4SPD16_eabi.lib : autoinit.c.obj (.text:__TI_auto_init_nobinit_nopinit:__TI_auto_init_nobinit_nopinit)
                  00000690    00000034                                   : boot_cortex_m.c.obj (.text:_c_int00_noargs:_c_int00_noargs)
                  000006c4    0000000e                                   : copy_decompress_none.c.obj (.text:decompress:none:__TI_decompress_none)
                  000006d2    0000000e     startup_msp432p401r_ccs.obj (.text)
                  000006e0    00000004     rtsv7M4_T_le_v4SPD16_eabi.lib : pre_init.c.obj (.text:_system_pre_init)
                  000006e4    00000004                                   : exit.c.obj (.text:abort:abort)

.cinit     0    000006e8    00000018     
                  000006e8    00000008     (.cinit..data.load) [load image, compression = lzss]
                  000006f0    00000008     (__TI_handler_table)
                  000006f8    00000008     (__TI_cinit_table)

.init_array 
*          0    00000000    00000000     UNINITIALIZED

.binit     0    00000000    00000000     

.data      0    20000000    00000004     UNINITIALIZED
                  20000000    00000004     system_msp432p401r.obj (.data)

.stack     0    2000fe00    00000200     UNINITIALIZED
                  2000fe00    00000004     rtsv7M4_T_le_v4SPD16_eabi.lib : boot_cortex_m.c.obj (.stack)
                  2000fe04    000001fc     --HOLE--

MODULE SUMMARY

       Module                        code   ro data   rw data
       ------                        ----   -------   -------
    ./
       system_msp432p401r.obj        820    0         8      
       startup_msp432p401r_ccs.obj   14     228       0      
       delay.obj                     224    0         0      
       main.obj                      80     0         0      
    +--+-----------------------------+------+---------+---------+
       Total:                        1138   228       8      
                                                             
    /Applications/ti/ccs910/ccs/tools/compiler/ti-cgt-arm_18.12.2.LTS/lib/rtsv7M4_T_le_v4SPD16_eabi.lib
       memcpy_t2.asm.obj             156    0         0      
       copy_decompress_lzss.c.obj    104    0         0      
       autoinit.c.obj                68     0         0      
       boot_cortex_m.c.obj           52     0         0      
       copy_decompress_none.c.obj    14     0         0      
       exit.c.obj                    4      0         0      
       pre_init.c.obj                4      0         0      
    +--+-----------------------------+------+---------+---------+
       Total:                        402    0         0      
                                                             
       Stack:                        0      0         1024   
       Linker Generated:             0      24        0      
    +--+-----------------------------+------+---------+---------+
       Grand Total:                  1540   252       1032   


LINKER GENERATED COPY TABLES

__TI_cinit_table @ 000006f8 records: 1, size/record: 8, table size: 8
	.data: load addr=000006e8, load size=00000008 bytes, run addr=20000000, run size=00000004 bytes, compression=lzss


LINKER GENERATED HANDLER TABLE

__TI_handler_table @ 000006f0 records: 2, size/record: 4, table size: 8
	index: 0, handler: __TI_decompress_lzss
	index: 1, handler: __TI_decompress_none


GLOBAL SYMBOLS: SORTED ALPHABETICALLY BY Name 

address   name                          
-------   ----                          
000006df  ADC14_IRQHandler              
000006df  AES256_IRQHandler             
000006df  BusFault_Handler              
000006e5  C$$EXIT                       
000006df  COMP_E0_IRQHandler            
000006df  COMP_E1_IRQHandler            
000006df  CS_IRQHandler                 
000006df  DMA_ERR_IRQHandler            
000006df  DMA_INT0_IRQHandler           
000006df  DMA_INT1_IRQHandler           
000006df  DMA_INT2_IRQHandler           
000006df  DMA_INT3_IRQHandler           
000006df  DebugMon_Handler              
000006df  Default_Handler               
000006df  EUSCIA0_IRQHandler            
000006df  EUSCIA1_IRQHandler            
000006df  EUSCIA2_IRQHandler            
000006df  EUSCIA3_IRQHandler            
000006df  EUSCIB0_IRQHandler            
000006df  EUSCIB1_IRQHandler            
000006df  EUSCIB2_IRQHandler            
000006df  EUSCIB3_IRQHandler            
000006df  FLCTL_IRQHandler              
000006df  FPU_IRQHandler                
000006df  HardFault_Handler             
000006df  MemManage_Handler             
000006df  NMI_Handler                   
000006df  PCM_IRQHandler                
000006df  PORT1_IRQHandler              
000006df  PORT2_IRQHandler              
000006df  PORT3_IRQHandler              
000006df  PORT4_IRQHandler              
000006df  PORT5_IRQHandler              
000006df  PORT6_IRQHandler              
000006df  PSS_IRQHandler                
000006df  PendSV_Handler                
000006df  RTC_C_IRQHandler              
000006d3  Reset_Handler                 
000006df  SVC_Handler                   
000006df  SysTick_Handler               
20000000  SystemCoreClock               
000000e5  SystemCoreClockUpdate         
0000035d  SystemInit                    
000006df  T32_INT1_IRQHandler           
000006df  T32_INT2_IRQHandler           
000006df  T32_INTC_IRQHandler           
000006df  TA0_0_IRQHandler              
000006df  TA0_N_IRQHandler              
000006df  TA1_0_IRQHandler              
000006df  TA1_N_IRQHandler              
000006df  TA2_0_IRQHandler              
000006df  TA2_N_IRQHandler              
000006df  TA3_0_IRQHandler              
000006df  TA3_N_IRQHandler              
000006df  UsageFault_Handler            
4000480c  WDTCTL_SYM                    
000006df  WDT_A_IRQHandler              
20010000  __STACK_END                   
00000200  __STACK_SIZE                  
000006f8  __TI_CINIT_Base               
00000700  __TI_CINIT_Limit              
000006f0  __TI_Handler_Table_Base       
000006f8  __TI_Handler_Table_Limit      
0000064d  __TI_auto_init_nobinit_nopinit
00000595  __TI_decompress_lzss          
000006c5  __TI_decompress_none          
ffffffff  __TI_pprof_out_hndl           
ffffffff  __TI_prof_data_size           
ffffffff  __TI_prof_data_start          
00000000  __TI_static_base__            
000004f9  __aeabi_memcpy                
000004f9  __aeabi_memcpy4               
000004f9  __aeabi_memcpy8               
ffffffff  __binit__                     
ffffffff  __c_args__                    
UNDEFED   __mpu_init                    
2000fe00  __stack                       
00000691  _c_int00_noargs               
UNDEFED   _system_post_cinit            
000006e1  _system_pre_init              
000006e5  abort                         
ffffffff  binit                         
00000449  delay_us                      
00000000  interruptVectors              
000005fd  main                          
000004f9  memcpy                        
00000419  set_DCO                       


GLOBAL SYMBOLS: SORTED BY Symbol Address 

address   name                          
-------   ----                          
00000000  __TI_static_base__            
00000000  interruptVectors              
000000e5  SystemCoreClockUpdate         
00000200  __STACK_SIZE                  
0000035d  SystemInit                    
00000419  set_DCO                       
00000449  delay_us                      
000004f9  __aeabi_memcpy                
000004f9  __aeabi_memcpy4               
000004f9  __aeabi_memcpy8               
000004f9  memcpy                        
00000595  __TI_decompress_lzss          
000005fd  main                          
0000064d  __TI_auto_init_nobinit_nopinit
00000691  _c_int00_noargs               
000006c5  __TI_decompress_none          
000006d3  Reset_Handler                 
000006df  ADC14_IRQHandler              
000006df  AES256_IRQHandler             
000006df  BusFault_Handler              
000006df  COMP_E0_IRQHandler            
000006df  COMP_E1_IRQHandler            
000006df  CS_IRQHandler                 
000006df  DMA_ERR_IRQHandler            
000006df  DMA_INT0_IRQHandler           
000006df  DMA_INT1_IRQHandler           
000006df  DMA_INT2_IRQHandler           
000006df  DMA_INT3_IRQHandler           
000006df  DebugMon_Handler              
000006df  Default_Handler               
000006df  EUSCIA0_IRQHandler            
000006df  EUSCIA1_IRQHandler            
000006df  EUSCIA2_IRQHandler            
000006df  EUSCIA3_IRQHandler            
000006df  EUSCIB0_IRQHandler            
000006df  EUSCIB1_IRQHandler            
000006df  EUSCIB2_IRQHandler            
000006df  EUSCIB3_IRQHandler            
000006df  FLCTL_IRQHandler              
000006df  FPU_IRQHandler                
000006df  HardFault_Handler             
000006df  MemManage_Handler             
000006df  NMI_Handler                   
000006df  PCM_IRQHandler                
000006df  PORT1_IRQHandler              
000006df  PORT2_IRQHandler              
000006df  PORT3_IRQHandler              
000006df  PORT4_IRQHandler              
000006df  PORT5_IRQHandler              
000006df  PORT6_IRQHandler              
000006df  PSS_IRQHandler                
000006df  PendSV_Handler                
000006df  RTC_C_IRQHandler              
000006df  SVC_Handler                   
000006df  SysTick_Handler               
000006df  T32_INT1_IRQHandler           
000006df  T32_INT2_IRQHandler           
000006df  T32_INTC_IRQHandler           
000006df  TA0_0_IRQHandler              
000006df  TA0_N_IRQHandler              
000006df  TA1_0_IRQHandler              
000006df  TA1_N_IRQHandler              
000006df  TA2_0_IRQHandler              
000006df  TA2_N_IRQHandler              
000006df  TA3_0_IRQHandler              
000006df  TA3_N_IRQHandler              
000006df  UsageFault_Handler            
000006df  WDT_A_IRQHandler              
000006e1  _system_pre_init              
000006e5  C$$EXIT                       
000006e5  abort                         
000006f0  __TI_Handler_Table_Base       
000006f8  __TI_CINIT_Base               
000006f8  __TI_Handler_Table_Limit      
00000700  __TI_CINIT_Limit              
20000000  SystemCoreClock               
2000fe00  __stack                       
20010000  __STACK_END                   
4000480c  WDTCTL_SYM                    
ffffffff  __TI_pprof_out_hndl           
ffffffff  __TI_prof_data_size           
ffffffff  __TI_prof_data_start          
ffffffff  __binit__                     
ffffffff  __c_args__                    
ffffffff  binit                         
UNDEFED   __mpu_init                    
UNDEFED   _system_post_cinit            

[87 symbols]
