******************************************************************************
                  TI ARM Linker PC v18.12.2                    
******************************************************************************
>> Linked Fri Oct 25 17:20:54 2019

OUTPUT FILE NAME:   <Assignment8.out>
ENTRY POINT SYMBOL: "_c_int00_noargs"  address: 00000799


MEMORY CONFIGURATION

         name            origin    length      used     unused   attr    fill
----------------------  --------  ---------  --------  --------  ----  --------
  MAIN                  00000000   00040000  00000828  0003f7d8  R  X
  INFO                  00200000   00004000  00000000  00004000  R  X
  SRAM_CODE             01000000   00010000  00000204  0000fdfc  RW X
  SRAM_DATA             20000000   00010000  00000204  0000fdfc  RW  


SEGMENT ALLOCATION MAP

run origin  load origin   length   init length attrs members
----------  ----------- ---------- ----------- ----- -------
00000000    00000000    00000828   00000828    r-x
  00000000    00000000    000000e4   000000e4    r-- .intvecs
  000000e4    000000e4    0000072c   0000072c    r-x .text
  00000810    00000810    00000018   00000018    r-- .cinit
20000000    20000000    00000004   00000000    rw-
  20000000    20000000    00000004   00000000    rw- .data
2000fe00    2000fe00    00000200   00000000    rw-
  2000fe00    2000fe00    00000200   00000000    rw- .stack


SECTION ALLOCATION MAP

 output                                  attributes/
section   page    origin      length       input sections
--------  ----  ----------  ----------   ----------------
.intvecs   0    00000000    000000e4     
                  00000000    000000e4     startup_msp432p401r_ccs.obj (.intvecs:retain)

.text      0    000000e4    0000072c     
                  000000e4    00000334     system_msp432p401r.obj (.text)
                  00000418    00000174     delay.obj (.text)
                  0000058c    000000c4     uart_driver.obj (.text)
                  00000650    0000009c     rtsv7M4_T_le_v4SPD16_eabi.lib : memcpy_t2.asm.obj (.text)
                  000006ec    00000068                                   : copy_decompress_lzss.c.obj (.text:decompress:lzss:__TI_decompress_lzss)
                  00000754    00000044                                   : autoinit.c.obj (.text:__TI_auto_init_nobinit_nopinit:__TI_auto_init_nobinit_nopinit)
                  00000798    00000034                                   : boot_cortex_m.c.obj (.text:_c_int00_noargs:_c_int00_noargs)
                  000007cc    00000020     main.obj (.text)
                  000007ec    0000000e     rtsv7M4_T_le_v4SPD16_eabi.lib : copy_decompress_none.c.obj (.text:decompress:none:__TI_decompress_none)
                  000007fa    0000000e     startup_msp432p401r_ccs.obj (.text)
                  00000808    00000004     rtsv7M4_T_le_v4SPD16_eabi.lib : pre_init.c.obj (.text:_system_pre_init)
                  0000080c    00000004                                   : exit.c.obj (.text:abort:abort)

.cinit     0    00000810    00000018     
                  00000810    00000008     (.cinit..data.load) [load image, compression = lzss]
                  00000818    00000008     (__TI_handler_table)
                  00000820    00000008     (__TI_cinit_table)

.init_array 
*          0    00000000    00000000     UNINITIALIZED

.binit     0    00000000    00000000     

.data      0    20000000    00000004     UNINITIALIZED
                  20000000    00000004     system_msp432p401r.obj (.data)

.stack     0    2000fe00    00000200     UNINITIALIZED
                  2000fe00    00000004     rtsv7M4_T_le_v4SPD16_eabi.lib : boot_cortex_m.c.obj (.stack)
                  2000fe04    000001fc     --HOLE--

MODULE SUMMARY

       Module                        code   ro data   rw data
       ------                        ----   -------   -------
    .\
       system_msp432p401r.obj        820    0         8      
       delay.obj                     372    0         0      
       startup_msp432p401r_ccs.obj   14     228       0      
       uart_driver.obj               196    0         0      
       main.obj                      32     0         0      
    +--+-----------------------------+------+---------+---------+
       Total:                        1434   228       8      
                                                             
    C:\ti\ccs910\ccs\tools\compiler\ti-cgt-arm_18.12.2.LTS\lib\rtsv7M4_T_le_v4SPD16_eabi.lib
       memcpy_t2.asm.obj             156    0         0      
       copy_decompress_lzss.c.obj    104    0         0      
       autoinit.c.obj                68     0         0      
       boot_cortex_m.c.obj           52     0         0      
       copy_decompress_none.c.obj    14     0         0      
       exit.c.obj                    4      0         0      
       pre_init.c.obj                4      0         0      
    +--+-----------------------------+------+---------+---------+
       Total:                        402    0         0      
                                                             
       Stack:                        0      0         1024   
       Linker Generated:             0      24        0      
    +--+-----------------------------+------+---------+---------+
       Grand Total:                  1836   252       1032   


LINKER GENERATED COPY TABLES

__TI_cinit_table @ 00000820 records: 1, size/record: 8, table size: 8
	.data: load addr=00000810, load size=00000008 bytes, run addr=20000000, run size=00000004 bytes, compression=lzss


LINKER GENERATED HANDLER TABLE

__TI_handler_table @ 00000818 records: 2, size/record: 4, table size: 8
	index: 0, handler: __TI_decompress_lzss
	index: 1, handler: __TI_decompress_none


GLOBAL SYMBOLS: SORTED ALPHABETICALLY BY Name 

address   name                          
-------   ----                          
00000807  ADC14_IRQHandler              
00000807  AES256_IRQHandler             
00000807  BusFault_Handler              
0000080d  C$$EXIT                       
00000807  COMP_E0_IRQHandler            
00000807  COMP_E1_IRQHandler            
00000807  CS_IRQHandler                 
00000807  DMA_ERR_IRQHandler            
00000807  DMA_INT0_IRQHandler           
00000807  DMA_INT1_IRQHandler           
00000807  DMA_INT2_IRQHandler           
00000807  DMA_INT3_IRQHandler           
00000807  DebugMon_Handler              
00000807  Default_Handler               
0000058d  EUSCIA0_IRQHandler            
0000058d  EUSCIA0_IRQHandler            
00000807  EUSCIA1_IRQHandler            
00000807  EUSCIA2_IRQHandler            
00000807  EUSCIA3_IRQHandler            
00000807  EUSCIB0_IRQHandler            
00000807  EUSCIB1_IRQHandler            
00000807  EUSCIB2_IRQHandler            
00000807  EUSCIB3_IRQHandler            
00000807  FLCTL_IRQHandler              
00000807  FPU_IRQHandler                
00000807  HardFault_Handler             
000005af  Initialize_UART               
00000807  MemManage_Handler             
00000807  NMI_Handler                   
00000807  PCM_IRQHandler                
00000807  PORT1_IRQHandler              
00000807  PORT2_IRQHandler              
00000807  PORT3_IRQHandler              
00000807  PORT4_IRQHandler              
00000807  PORT5_IRQHandler              
00000807  PORT6_IRQHandler              
00000807  PSS_IRQHandler                
00000807  PendSV_Handler                
00000807  RTC_C_IRQHandler              
000007fb  Reset_Handler                 
00000807  SVC_Handler                   
00000807  SysTick_Handler               
20000000  SystemCoreClock               
000000e5  SystemCoreClockUpdate         
0000035d  SystemInit                    
00000807  T32_INT1_IRQHandler           
00000807  T32_INT2_IRQHandler           
00000807  T32_INTC_IRQHandler           
00000807  TA0_0_IRQHandler              
00000807  TA0_N_IRQHandler              
00000807  TA1_0_IRQHandler              
00000807  TA1_N_IRQHandler              
00000807  TA2_0_IRQHandler              
00000807  TA2_N_IRQHandler              
00000807  TA3_0_IRQHandler              
00000807  TA3_N_IRQHandler              
00000807  UsageFault_Handler            
4000480c  WDTCTL_SYM                    
00000807  WDT_A_IRQHandler              
20010000  __STACK_END                   
00000200  __STACK_SIZE                  
00000820  __TI_CINIT_Base               
00000828  __TI_CINIT_Limit              
00000818  __TI_Handler_Table_Base       
00000820  __TI_Handler_Table_Limit      
00000755  __TI_auto_init_nobinit_nopinit
000006ed  __TI_decompress_lzss          
000007ed  __TI_decompress_none          
ffffffff  __TI_pprof_out_hndl           
ffffffff  __TI_prof_data_size           
ffffffff  __TI_prof_data_start          
00000000  __TI_static_base__            
00000651  __aeabi_memcpy                
00000651  __aeabi_memcpy4               
00000651  __aeabi_memcpy8               
ffffffff  __binit__                     
ffffffff  __c_args__                    
UNDEFED   __mpu_init                    
2000fe00  __stack                       
00000799  _c_int00_noargs               
UNDEFED   _system_post_cinit            
00000809  _system_pre_init              
0000080d  abort                         
ffffffff  binit                         
00000491  delay_us                      
00000000  interruptVectors              
000007cd  main                          
00000651  memcpy                        
00000419  set_DCO                       


GLOBAL SYMBOLS: SORTED BY Symbol Address 

address   name                          
-------   ----                          
00000000  __TI_static_base__            
00000000  interruptVectors              
000000e5  SystemCoreClockUpdate         
00000200  __STACK_SIZE                  
0000035d  SystemInit                    
00000419  set_DCO                       
00000491  delay_us                      
0000058d  EUSCIA0_IRQHandler            
0000058d  EUSCIA0_IRQHandler            
000005af  Initialize_UART               
00000651  __aeabi_memcpy                
00000651  __aeabi_memcpy4               
00000651  __aeabi_memcpy8               
00000651  memcpy                        
000006ed  __TI_decompress_lzss          
00000755  __TI_auto_init_nobinit_nopinit
00000799  _c_int00_noargs               
000007cd  main                          
000007ed  __TI_decompress_none          
000007fb  Reset_Handler                 
00000807  ADC14_IRQHandler              
00000807  AES256_IRQHandler             
00000807  BusFault_Handler              
00000807  COMP_E0_IRQHandler            
00000807  COMP_E1_IRQHandler            
00000807  CS_IRQHandler                 
00000807  DMA_ERR_IRQHandler            
00000807  DMA_INT0_IRQHandler           
00000807  DMA_INT1_IRQHandler           
00000807  DMA_INT2_IRQHandler           
00000807  DMA_INT3_IRQHandler           
00000807  DebugMon_Handler              
00000807  Default_Handler               
00000807  EUSCIA1_IRQHandler            
00000807  EUSCIA2_IRQHandler            
00000807  EUSCIA3_IRQHandler            
00000807  EUSCIB0_IRQHandler            
00000807  EUSCIB1_IRQHandler            
00000807  EUSCIB2_IRQHandler            
00000807  EUSCIB3_IRQHandler            
00000807  FLCTL_IRQHandler              
00000807  FPU_IRQHandler                
00000807  HardFault_Handler             
00000807  MemManage_Handler             
00000807  NMI_Handler                   
00000807  PCM_IRQHandler                
00000807  PORT1_IRQHandler              
00000807  PORT2_IRQHandler              
00000807  PORT3_IRQHandler              
00000807  PORT4_IRQHandler              
00000807  PORT5_IRQHandler              
00000807  PORT6_IRQHandler              
00000807  PSS_IRQHandler                
00000807  PendSV_Handler                
00000807  RTC_C_IRQHandler              
00000807  SVC_Handler                   
00000807  SysTick_Handler               
00000807  T32_INT1_IRQHandler           
00000807  T32_INT2_IRQHandler           
00000807  T32_INTC_IRQHandler           
00000807  TA0_0_IRQHandler              
00000807  TA0_N_IRQHandler              
00000807  TA1_0_IRQHandler              
00000807  TA1_N_IRQHandler              
00000807  TA2_0_IRQHandler              
00000807  TA2_N_IRQHandler              
00000807  TA3_0_IRQHandler              
00000807  TA3_N_IRQHandler              
00000807  UsageFault_Handler            
00000807  WDT_A_IRQHandler              
00000809  _system_pre_init              
0000080d  C$$EXIT                       
0000080d  abort                         
00000818  __TI_Handler_Table_Base       
00000820  __TI_CINIT_Base               
00000820  __TI_Handler_Table_Limit      
00000828  __TI_CINIT_Limit              
20000000  SystemCoreClock               
2000fe00  __stack                       
20010000  __STACK_END                   
4000480c  WDTCTL_SYM                    
ffffffff  __TI_pprof_out_hndl           
ffffffff  __TI_prof_data_size           
ffffffff  __TI_prof_data_start          
ffffffff  __binit__                     
ffffffff  __c_args__                    
ffffffff  binit                         
UNDEFED   __mpu_init                    
UNDEFED   _system_post_cinit            

[89 symbols]
