******************************************************************************
                  TI ARM Linker PC v18.12.2                    
******************************************************************************
>> Linked Fri Oct 18 14:15:25 2019

OUTPUT FILE NAME:   <Assignment7.out>
ENTRY POINT SYMBOL: "_c_int00_noargs"  address: 00000715


MEMORY CONFIGURATION

         name            origin    length      used     unused   attr    fill
----------------------  --------  ---------  --------  --------  ----  --------
  MAIN                  00000000   00040000  000007a4  0003f85c  R  X
  INFO                  00200000   00004000  00000000  00004000  R  X
  SRAM_CODE             01000000   00010000  00000204  0000fdfc  RW X
  SRAM_DATA             20000000   00010000  00000204  0000fdfc  RW  


SEGMENT ALLOCATION MAP

run origin  load origin   length   init length attrs members
----------  ----------- ---------- ----------- ----- -------
00000000    00000000    000007a8   000007a8    r-x
  00000000    00000000    000000e4   000000e4    r-- .intvecs
  000000e4    000000e4    000006a8   000006a8    r-x .text
  00000790    00000790    00000018   00000018    r-- .cinit
20000000    20000000    00000004   00000000    rw-
  20000000    20000000    00000004   00000000    rw- .data
2000fe00    2000fe00    00000200   00000000    rw-
  2000fe00    2000fe00    00000200   00000000    rw- .stack


SECTION ALLOCATION MAP

 output                                  attributes/
section   page    origin      length       input sections
--------  ----  ----------  ----------   ----------------
.intvecs   0    00000000    000000e4     
                  00000000    000000e4     startup_msp432p401r_ccs.obj (.intvecs:retain)

.text      0    000000e4    000006a8     
                  000000e4    00000334     system_msp432p401r.obj (.text)
                  00000418    000001b4     spi_driver.obj (.text)
                  000005cc    0000009c     rtsv7M4_T_le_v4SPD16_eabi.lib : memcpy_t2.asm.obj (.text)
                  00000668    00000068                                   : copy_decompress_lzss.c.obj (.text:decompress:lzss:__TI_decompress_lzss)
                  000006d0    00000044                                   : autoinit.c.obj (.text:__TI_auto_init_nobinit_nopinit:__TI_auto_init_nobinit_nopinit)
                  00000714    00000034                                   : boot_cortex_m.c.obj (.text:_c_int00_noargs:_c_int00_noargs)
                  00000748    00000020     main.obj (.text)
                  00000768    0000000e     rtsv7M4_T_le_v4SPD16_eabi.lib : copy_decompress_none.c.obj (.text:decompress:none:__TI_decompress_none)
                  00000776    0000000e     startup_msp432p401r_ccs.obj (.text)
                  00000784    00000004     rtsv7M4_T_le_v4SPD16_eabi.lib : pre_init.c.obj (.text:_system_pre_init)
                  00000788    00000004                                   : exit.c.obj (.text:abort:abort)

.cinit     0    00000790    00000018     
                  00000790    00000008     (.cinit..data.load) [load image, compression = lzss]
                  00000798    00000008     (__TI_handler_table)
                  000007a0    00000008     (__TI_cinit_table)

.init_array 
*          0    00000000    00000000     UNINITIALIZED

.binit     0    00000000    00000000     

.data      0    20000000    00000004     UNINITIALIZED
                  20000000    00000004     system_msp432p401r.obj (.data)

.stack     0    2000fe00    00000200     UNINITIALIZED
                  2000fe00    00000004     rtsv7M4_T_le_v4SPD16_eabi.lib : boot_cortex_m.c.obj (.stack)
                  2000fe04    000001fc     --HOLE--

MODULE SUMMARY

       Module                        code   ro data   rw data
       ------                        ----   -------   -------
    .\
       system_msp432p401r.obj        820    0         8      
       spi_driver.obj                436    0         0      
       startup_msp432p401r_ccs.obj   14     228       0      
       main.obj                      32     0         0      
    +--+-----------------------------+------+---------+---------+
       Total:                        1302   228       8      
                                                             
    C:\ti\ccs910\ccs\tools\compiler\ti-cgt-arm_18.12.2.LTS\lib\rtsv7M4_T_le_v4SPD16_eabi.lib
       memcpy_t2.asm.obj             156    0         0      
       copy_decompress_lzss.c.obj    104    0         0      
       autoinit.c.obj                68     0         0      
       boot_cortex_m.c.obj           52     0         0      
       copy_decompress_none.c.obj    14     0         0      
       exit.c.obj                    4      0         0      
       pre_init.c.obj                4      0         0      
    +--+-----------------------------+------+---------+---------+
       Total:                        402    0         0      
                                                             
       Stack:                        0      0         1024   
       Linker Generated:             0      24        0      
    +--+-----------------------------+------+---------+---------+
       Grand Total:                  1704   252       1032   


LINKER GENERATED COPY TABLES

__TI_cinit_table @ 000007a0 records: 1, size/record: 8, table size: 8
	.data: load addr=00000790, load size=00000008 bytes, run addr=20000000, run size=00000004 bytes, compression=lzss


LINKER GENERATED HANDLER TABLE

__TI_handler_table @ 00000798 records: 2, size/record: 4, table size: 8
	index: 0, handler: __TI_decompress_lzss
	index: 1, handler: __TI_decompress_none


GLOBAL SYMBOLS: SORTED ALPHABETICALLY BY Name 

address   name                          
-------   ----                          
00000783  ADC14_IRQHandler              
00000783  AES256_IRQHandler             
00000783  BusFault_Handler              
00000789  C$$EXIT                       
00000783  COMP_E0_IRQHandler            
00000783  COMP_E1_IRQHandler            
00000783  CS_IRQHandler                 
00000783  DMA_ERR_IRQHandler            
00000783  DMA_INT0_IRQHandler           
00000783  DMA_INT1_IRQHandler           
00000783  DMA_INT2_IRQHandler           
00000783  DMA_INT3_IRQHandler           
00000783  DebugMon_Handler              
00000783  Default_Handler               
00000783  EUSCIA0_IRQHandler            
00000783  EUSCIA1_IRQHandler            
00000783  EUSCIA2_IRQHandler            
00000783  EUSCIA3_IRQHandler            
00000783  EUSCIB0_IRQHandler            
00000783  EUSCIB1_IRQHandler            
00000783  EUSCIB2_IRQHandler            
00000783  EUSCIB3_IRQHandler            
00000783  FLCTL_IRQHandler              
00000783  FPU_IRQHandler                
00000783  HardFault_Handler             
00000497  Initialize_SPI                
00000783  MemManage_Handler             
00000783  NMI_Handler                   
00000783  PCM_IRQHandler                
00000783  PORT1_IRQHandler              
00000783  PORT2_IRQHandler              
00000783  PORT3_IRQHandler              
00000783  PORT4_IRQHandler              
00000783  PORT5_IRQHandler              
00000783  PORT6_IRQHandler              
00000783  PSS_IRQHandler                
00000783  PendSV_Handler                
00000783  RTC_C_IRQHandler              
00000777  Reset_Handler                 
00000783  SVC_Handler                   
00000419  Send_DAC_Voltage              
00000783  SysTick_Handler               
20000000  SystemCoreClock               
000000e5  SystemCoreClockUpdate         
0000035d  SystemInit                    
00000783  T32_INT1_IRQHandler           
00000783  T32_INT2_IRQHandler           
00000783  T32_INTC_IRQHandler           
00000783  TA0_0_IRQHandler              
00000783  TA0_N_IRQHandler              
00000783  TA1_0_IRQHandler              
00000783  TA1_N_IRQHandler              
00000783  TA2_0_IRQHandler              
00000783  TA2_N_IRQHandler              
00000783  TA3_0_IRQHandler              
00000783  TA3_N_IRQHandler              
00000783  UsageFault_Handler            
4000480c  WDTCTL_SYM                    
00000783  WDT_A_IRQHandler              
20010000  __STACK_END                   
00000200  __STACK_SIZE                  
000007a0  __TI_CINIT_Base               
000007a8  __TI_CINIT_Limit              
00000798  __TI_Handler_Table_Base       
000007a0  __TI_Handler_Table_Limit      
000006d1  __TI_auto_init_nobinit_nopinit
00000669  __TI_decompress_lzss          
00000769  __TI_decompress_none          
ffffffff  __TI_pprof_out_hndl           
ffffffff  __TI_prof_data_size           
ffffffff  __TI_prof_data_start          
00000000  __TI_static_base__            
000005cd  __aeabi_memcpy                
000005cd  __aeabi_memcpy4               
000005cd  __aeabi_memcpy8               
ffffffff  __binit__                     
ffffffff  __c_args__                    
UNDEFED   __mpu_init                    
2000fe00  __stack                       
00000715  _c_int00_noargs               
UNDEFED   _system_post_cinit            
00000785  _system_pre_init              
00000789  abort                         
ffffffff  binit                         
00000000  interruptVectors              
00000749  main                          
000005cd  memcpy                        


GLOBAL SYMBOLS: SORTED BY Symbol Address 

address   name                          
-------   ----                          
00000000  __TI_static_base__            
00000000  interruptVectors              
000000e5  SystemCoreClockUpdate         
00000200  __STACK_SIZE                  
0000035d  SystemInit                    
00000419  Send_DAC_Voltage              
00000497  Initialize_SPI                
000005cd  __aeabi_memcpy                
000005cd  __aeabi_memcpy4               
000005cd  __aeabi_memcpy8               
000005cd  memcpy                        
00000669  __TI_decompress_lzss          
000006d1  __TI_auto_init_nobinit_nopinit
00000715  _c_int00_noargs               
00000749  main                          
00000769  __TI_decompress_none          
00000777  Reset_Handler                 
00000783  ADC14_IRQHandler              
00000783  AES256_IRQHandler             
00000783  BusFault_Handler              
00000783  COMP_E0_IRQHandler            
00000783  COMP_E1_IRQHandler            
00000783  CS_IRQHandler                 
00000783  DMA_ERR_IRQHandler            
00000783  DMA_INT0_IRQHandler           
00000783  DMA_INT1_IRQHandler           
00000783  DMA_INT2_IRQHandler           
00000783  DMA_INT3_IRQHandler           
00000783  DebugMon_Handler              
00000783  Default_Handler               
00000783  EUSCIA0_IRQHandler            
00000783  EUSCIA1_IRQHandler            
00000783  EUSCIA2_IRQHandler            
00000783  EUSCIA3_IRQHandler            
00000783  EUSCIB0_IRQHandler            
00000783  EUSCIB1_IRQHandler            
00000783  EUSCIB2_IRQHandler            
00000783  EUSCIB3_IRQHandler            
00000783  FLCTL_IRQHandler              
00000783  FPU_IRQHandler                
00000783  HardFault_Handler             
00000783  MemManage_Handler             
00000783  NMI_Handler                   
00000783  PCM_IRQHandler                
00000783  PORT1_IRQHandler              
00000783  PORT2_IRQHandler              
00000783  PORT3_IRQHandler              
00000783  PORT4_IRQHandler              
00000783  PORT5_IRQHandler              
00000783  PORT6_IRQHandler              
00000783  PSS_IRQHandler                
00000783  PendSV_Handler                
00000783  RTC_C_IRQHandler              
00000783  SVC_Handler                   
00000783  SysTick_Handler               
00000783  T32_INT1_IRQHandler           
00000783  T32_INT2_IRQHandler           
00000783  T32_INTC_IRQHandler           
00000783  TA0_0_IRQHandler              
00000783  TA0_N_IRQHandler              
00000783  TA1_0_IRQHandler              
00000783  TA1_N_IRQHandler              
00000783  TA2_0_IRQHandler              
00000783  TA2_N_IRQHandler              
00000783  TA3_0_IRQHandler              
00000783  TA3_N_IRQHandler              
00000783  UsageFault_Handler            
00000783  WDT_A_IRQHandler              
00000785  _system_pre_init              
00000789  C$$EXIT                       
00000789  abort                         
00000798  __TI_Handler_Table_Base       
000007a0  __TI_CINIT_Base               
000007a0  __TI_Handler_Table_Limit      
000007a8  __TI_CINIT_Limit              
20000000  SystemCoreClock               
2000fe00  __stack                       
20010000  __STACK_END                   
4000480c  WDTCTL_SYM                    
ffffffff  __TI_pprof_out_hndl           
ffffffff  __TI_prof_data_size           
ffffffff  __TI_prof_data_start          
ffffffff  __binit__                     
ffffffff  __c_args__                    
ffffffff  binit                         
UNDEFED   __mpu_init                    
UNDEFED   _system_post_cinit            

[87 symbols]
